Archive member included because of file (symbol)

c:/freescale/kds_v3/toolchain/bin/../lib/gcc/arm-none-eabi/4.8.4/armv6-m\libgcc.a(_udivsi3.o)
                              ./Project_Settings/Startup_Code/system_MKL25Z4.o (__aeabi_uidiv)
c:/freescale/kds_v3/toolchain/bin/../lib/gcc/arm-none-eabi/4.8.4/armv6-m\libgcc.a(_divsi3.o)
                              ./Sources/ftoa.o (__aeabi_idiv)
c:/freescale/kds_v3/toolchain/bin/../lib/gcc/arm-none-eabi/4.8.4/armv6-m\libgcc.a(_dvmd_tls.o)
                              c:/freescale/kds_v3/toolchain/bin/../lib/gcc/arm-none-eabi/4.8.4/armv6-m\libgcc.a(_udivsi3.o) (__aeabi_idiv0)
c:/freescale/kds_v3/toolchain/bin/../lib/gcc/arm-none-eabi/4.8.4/armv6-m\libgcc.a(mulsf3.o)
                              ./Sources/ftoa.o (__aeabi_fmul)
c:/freescale/kds_v3/toolchain/bin/../lib/gcc/arm-none-eabi/4.8.4/armv6-m\libgcc.a(subsf3.o)
                              ./Sources/ftoa.o (__aeabi_fsub)
c:/freescale/kds_v3/toolchain/bin/../lib/gcc/arm-none-eabi/4.8.4/armv6-m\libgcc.a(fixsfsi.o)
                              ./Sources/ftoa.o (__aeabi_f2iz)
c:/freescale/kds_v3/toolchain/bin/../lib/gcc/arm-none-eabi/4.8.4/armv6-m\libgcc.a(floatsisf.o)
                              ./Sources/ftoa.o (__aeabi_i2f)
c:/freescale/kds_v3/toolchain/bin/../lib/gcc/arm-none-eabi/4.8.4/armv6-m\libgcc.a(floatunsisf.o)
                              ./Sources/profile.o (__aeabi_ui2f)
c:/freescale/kds_v3/toolchain/bin/../lib/gcc/arm-none-eabi/4.8.4/armv6-m\libgcc.a(_clzsi2.o)
                              c:/freescale/kds_v3/toolchain/bin/../lib/gcc/arm-none-eabi/4.8.4/armv6-m\libgcc.a(mulsf3.o) (__clzsi2)
c:/freescale/kds_v3/toolchain/bin/../lib/gcc/arm-none-eabi/4.8.4/../../../../arm-none-eabi/lib/armv6-m\libg_s.a(lib_a-exit.o)
                              c:/freescale/kds_v3/toolchain/bin/../lib/gcc/arm-none-eabi/4.8.4/../../../../arm-none-eabi/lib/armv6-m/crt0.o (exit)
c:/freescale/kds_v3/toolchain/bin/../lib/gcc/arm-none-eabi/4.8.4/../../../../arm-none-eabi/lib/armv6-m\libg_s.a(lib_a-impure.o)
                              c:/freescale/kds_v3/toolchain/bin/../lib/gcc/arm-none-eabi/4.8.4/../../../../arm-none-eabi/lib/armv6-m\libg_s.a(lib_a-exit.o) (_global_impure_ptr)
c:/freescale/kds_v3/toolchain/bin/../lib/gcc/arm-none-eabi/4.8.4/../../../../arm-none-eabi/lib/armv6-m\libg_s.a(lib_a-init.o)
                              c:/freescale/kds_v3/toolchain/bin/../lib/gcc/arm-none-eabi/4.8.4/../../../../arm-none-eabi/lib/armv6-m/crt0.o (__libc_init_array)
c:/freescale/kds_v3/toolchain/bin/../lib/gcc/arm-none-eabi/4.8.4/../../../../arm-none-eabi/lib/armv6-m\libg_s.a(lib_a-memset.o)
                              c:/freescale/kds_v3/toolchain/bin/../lib/gcc/arm-none-eabi/4.8.4/../../../../arm-none-eabi/lib/armv6-m/crt0.o (memset)
c:/freescale/kds_v3/toolchain/bin/../lib/gcc/arm-none-eabi/4.8.4/../../../../arm-none-eabi/lib/armv6-m\libnosys.a(_exit.o)
                              c:/freescale/kds_v3/toolchain/bin/../lib/gcc/arm-none-eabi/4.8.4/../../../../arm-none-eabi/lib/armv6-m\libg_s.a(lib_a-exit.o) (_exit)

Discarded input sections

 .text          0x00000000        0x0 c:/freescale/kds_v3/toolchain/bin/../lib/gcc/arm-none-eabi/4.8.4/armv6-m/crti.o
 .data          0x00000000        0x0 c:/freescale/kds_v3/toolchain/bin/../lib/gcc/arm-none-eabi/4.8.4/armv6-m/crti.o
 .bss           0x00000000        0x0 c:/freescale/kds_v3/toolchain/bin/../lib/gcc/arm-none-eabi/4.8.4/armv6-m/crti.o
 .data          0x00000000        0x4 c:/freescale/kds_v3/toolchain/bin/../lib/gcc/arm-none-eabi/4.8.4/armv6-m/crtbegin.o
 .data          0x00000000        0x0 c:/freescale/kds_v3/toolchain/bin/../lib/gcc/arm-none-eabi/4.8.4/../../../../arm-none-eabi/lib/armv6-m/crt0.o
 .bss           0x00000000        0x0 c:/freescale/kds_v3/toolchain/bin/../lib/gcc/arm-none-eabi/4.8.4/../../../../arm-none-eabi/lib/armv6-m/crt0.o
 .ARM.extab     0x00000000        0x0 c:/freescale/kds_v3/toolchain/bin/../lib/gcc/arm-none-eabi/4.8.4/../../../../arm-none-eabi/lib/armv6-m/crt0.o
 .group         0x00000000        0x8 ./Sources/dma.o
 .group         0x00000000        0x8 ./Sources/dma.o
 .group         0x00000000        0x8 ./Sources/dma.o
 .group         0x00000000        0x8 ./Sources/dma.o
 .group         0x00000000        0x8 ./Sources/dma.o
 .group         0x00000000        0x8 ./Sources/dma.o
 .group         0x00000000        0x8 ./Sources/dma.o
 .group         0x00000000        0x8 ./Sources/dma.o
 .group         0x00000000        0x8 ./Sources/dma.o
 .group         0x00000000        0x8 ./Sources/dma.o
 .group         0x00000000        0x8 ./Sources/dma.o
 .group         0x00000000        0x8 ./Sources/dma.o
 .group         0x00000000        0x8 ./Sources/dma.o
 .group         0x00000000        0x8 ./Sources/dma.o
 .group         0x00000000        0x8 ./Sources/dma.o
 .group         0x00000000        0x8 ./Sources/dma.o
 .group         0x00000000        0x8 ./Sources/dma.o
 .group         0x00000000        0x8 ./Sources/dma.o
 .group         0x00000000        0x8 ./Sources/dma.o
 .group         0x00000000        0x8 ./Sources/dma.o
 .group         0x00000000        0x8 ./Sources/dma.o
 .group         0x00000000        0x8 ./Sources/dma.o
 .group         0x00000000        0x8 ./Sources/dma.o
 .group         0x00000000        0x8 ./Sources/dma.o
 .group         0x00000000        0x8 ./Sources/dma.o
 .group         0x00000000        0x8 ./Sources/dma.o
 .group         0x00000000        0x8 ./Sources/dma.o
 .group         0x00000000        0x8 ./Sources/dma.o
 .text          0x00000000        0x0 ./Sources/dma.o
 .data          0x00000000        0x0 ./Sources/dma.o
 .bss           0x00000000        0x0 ./Sources/dma.o
 .text.dma_setup8
                0x00000000       0xf0 ./Sources/dma.o
 .text.dma_memmove
                0x00000000       0x24 ./Sources/dma.o
 .group         0x00000000        0x8 ./Sources/ftoa.o
 .group         0x00000000        0x8 ./Sources/ftoa.o
 .group         0x00000000        0x8 ./Sources/ftoa.o
 .group         0x00000000        0x8 ./Sources/ftoa.o
 .group         0x00000000        0x8 ./Sources/ftoa.o
 .group         0x00000000        0x8 ./Sources/ftoa.o
 .group         0x00000000        0x8 ./Sources/ftoa.o
 .group         0x00000000        0x8 ./Sources/ftoa.o
 .group         0x00000000        0x8 ./Sources/ftoa.o
 .group         0x00000000        0x8 ./Sources/ftoa.o
 .group         0x00000000        0x8 ./Sources/ftoa.o
 .group         0x00000000        0x8 ./Sources/ftoa.o
 .group         0x00000000        0x8 ./Sources/ftoa.o
 .group         0x00000000        0x8 ./Sources/ftoa.o
 .group         0x00000000        0x8 ./Sources/ftoa.o
 .group         0x00000000        0x8 ./Sources/ftoa.o
 .group         0x00000000        0x8 ./Sources/ftoa.o
 .group         0x00000000        0x8 ./Sources/ftoa.o
 .group         0x00000000        0x8 ./Sources/ftoa.o
 .group         0x00000000        0x8 ./Sources/ftoa.o
 .group         0x00000000        0x8 ./Sources/ftoa.o
 .group         0x00000000        0x8 ./Sources/ftoa.o
 .group         0x00000000        0x8 ./Sources/ftoa.o
 .group         0x00000000        0x8 ./Sources/ftoa.o
 .group         0x00000000        0x8 ./Sources/ftoa.o
 .group         0x00000000        0x8 ./Sources/ftoa.o
 .group         0x00000000        0x8 ./Sources/ftoa.o
 .group         0x00000000        0x8 ./Sources/ftoa.o
 .text          0x00000000        0x0 ./Sources/ftoa.o
 .data          0x00000000        0x0 ./Sources/ftoa.o
 .bss           0x00000000        0x0 ./Sources/ftoa.o
 .debug_macro   0x00000000      0x802 ./Sources/ftoa.o
 .debug_macro   0x00000000       0x16 ./Sources/ftoa.o
 .debug_macro   0x00000000       0x58 ./Sources/ftoa.o
 .debug_macro   0x00000000       0x16 ./Sources/ftoa.o
 .debug_macro   0x00000000       0x35 ./Sources/ftoa.o
 .debug_macro   0x00000000       0xa3 ./Sources/ftoa.o
 .debug_macro   0x00000000       0x16 ./Sources/ftoa.o
 .debug_macro   0x00000000       0x97 ./Sources/ftoa.o
 .debug_macro   0x00000000       0x10 ./Sources/ftoa.o
 .debug_macro   0x00000000       0xef ./Sources/ftoa.o
 .debug_macro   0x00000000       0x4a ./Sources/ftoa.o
 .debug_macro   0x00000000       0x52 ./Sources/ftoa.o
 .debug_macro   0x00000000       0x16 ./Sources/ftoa.o
 .debug_macro   0x00000000       0x43 ./Sources/ftoa.o
 .debug_macro   0x00000000      0x180 ./Sources/ftoa.o
 .debug_macro   0x00000000       0x10 ./Sources/ftoa.o
 .debug_macro   0x00000000       0x22 ./Sources/ftoa.o
 .debug_macro   0x00000000       0xbd ./Sources/ftoa.o
 .debug_macro   0x00000000       0x16 ./Sources/ftoa.o
 .debug_macro   0x00000000      0x14a ./Sources/ftoa.o
 .debug_macro   0x00000000       0x16 ./Sources/ftoa.o
 .debug_macro   0x00000000      0x20f ./Sources/ftoa.o
 .debug_macro   0x00000000       0x3a ./Sources/ftoa.o
 .debug_macro   0x00000000       0x3a ./Sources/ftoa.o
 .debug_macro   0x00000000       0x26 ./Sources/ftoa.o
 .debug_macro   0x00000000      0x306 ./Sources/ftoa.o
 .debug_macro   0x00000000       0x63 ./Sources/ftoa.o
 .debug_macro   0x00000000     0x839f ./Sources/ftoa.o
 .group         0x00000000        0x8 ./Sources/io.o
 .group         0x00000000        0x8 ./Sources/io.o
 .group         0x00000000        0x8 ./Sources/io.o
 .group         0x00000000        0x8 ./Sources/io.o
 .group         0x00000000        0x8 ./Sources/io.o
 .group         0x00000000        0x8 ./Sources/io.o
 .group         0x00000000        0x8 ./Sources/io.o
 .group         0x00000000        0x8 ./Sources/io.o
 .group         0x00000000        0x8 ./Sources/io.o
 .group         0x00000000        0x8 ./Sources/io.o
 .group         0x00000000        0x8 ./Sources/io.o
 .group         0x00000000        0x8 ./Sources/io.o
 .group         0x00000000        0x8 ./Sources/io.o
 .group         0x00000000        0x8 ./Sources/io.o
 .group         0x00000000        0x8 ./Sources/io.o
 .group         0x00000000        0x8 ./Sources/io.o
 .group         0x00000000        0x8 ./Sources/io.o
 .group         0x00000000        0x8 ./Sources/io.o
 .group         0x00000000        0x8 ./Sources/io.o
 .group         0x00000000        0x8 ./Sources/io.o
 .group         0x00000000        0x8 ./Sources/io.o
 .group         0x00000000        0x8 ./Sources/io.o
 .group         0x00000000        0x8 ./Sources/io.o
 .group         0x00000000        0x8 ./Sources/io.o
 .group         0x00000000        0x8 ./Sources/io.o
 .group         0x00000000        0x8 ./Sources/io.o
 .group         0x00000000        0x8 ./Sources/io.o
 .group         0x00000000        0x8 ./Sources/io.o
 .text          0x00000000        0x0 ./Sources/io.o
 .data          0x00000000        0x0 ./Sources/io.o
 .bss           0x00000000        0x0 ./Sources/io.o
 .text.receive_data
                0x00000000       0x58 ./Sources/io.o
 .text.receive_data_char
                0x00000000       0x3c ./Sources/io.o
 .debug_macro   0x00000000      0x802 ./Sources/io.o
 .debug_macro   0x00000000       0x16 ./Sources/io.o
 .debug_macro   0x00000000       0x58 ./Sources/io.o
 .debug_macro   0x00000000       0x16 ./Sources/io.o
 .debug_macro   0x00000000       0x35 ./Sources/io.o
 .debug_macro   0x00000000       0xa3 ./Sources/io.o
 .debug_macro   0x00000000       0x16 ./Sources/io.o
 .debug_macro   0x00000000       0x97 ./Sources/io.o
 .debug_macro   0x00000000       0x10 ./Sources/io.o
 .debug_macro   0x00000000       0xef ./Sources/io.o
 .debug_macro   0x00000000       0x4a ./Sources/io.o
 .debug_macro   0x00000000       0x52 ./Sources/io.o
 .debug_macro   0x00000000       0x16 ./Sources/io.o
 .debug_macro   0x00000000       0x43 ./Sources/io.o
 .debug_macro   0x00000000      0x180 ./Sources/io.o
 .debug_macro   0x00000000       0x10 ./Sources/io.o
 .debug_macro   0x00000000       0x22 ./Sources/io.o
 .debug_macro   0x00000000       0xbd ./Sources/io.o
 .debug_macro   0x00000000       0x16 ./Sources/io.o
 .debug_macro   0x00000000      0x14a ./Sources/io.o
 .debug_macro   0x00000000       0x16 ./Sources/io.o
 .debug_macro   0x00000000      0x20f ./Sources/io.o
 .debug_macro   0x00000000       0x3a ./Sources/io.o
 .debug_macro   0x00000000       0x3a ./Sources/io.o
 .debug_macro   0x00000000       0x26 ./Sources/io.o
 .debug_macro   0x00000000      0x306 ./Sources/io.o
 .debug_macro   0x00000000       0x63 ./Sources/io.o
 .debug_macro   0x00000000     0x839f ./Sources/io.o
 .group         0x00000000        0x8 ./Sources/main.o
 .group         0x00000000        0x8 ./Sources/main.o
 .group         0x00000000        0x8 ./Sources/main.o
 .group         0x00000000        0x8 ./Sources/main.o
 .group         0x00000000        0x8 ./Sources/main.o
 .group         0x00000000        0x8 ./Sources/main.o
 .group         0x00000000        0x8 ./Sources/main.o
 .group         0x00000000        0x8 ./Sources/main.o
 .group         0x00000000        0x8 ./Sources/main.o
 .group         0x00000000        0x8 ./Sources/main.o
 .group         0x00000000        0x8 ./Sources/main.o
 .group         0x00000000        0x8 ./Sources/main.o
 .group         0x00000000        0x8 ./Sources/main.o
 .group         0x00000000        0x8 ./Sources/main.o
 .group         0x00000000        0x8 ./Sources/main.o
 .group         0x00000000        0x8 ./Sources/main.o
 .group         0x00000000        0x8 ./Sources/main.o
 .group         0x00000000        0x8 ./Sources/main.o
 .group         0x00000000        0x8 ./Sources/main.o
 .group         0x00000000        0x8 ./Sources/main.o
 .group         0x00000000        0x8 ./Sources/main.o
 .group         0x00000000        0x8 ./Sources/main.o
 .group         0x00000000        0x8 ./Sources/main.o
 .group         0x00000000        0x8 ./Sources/main.o
 .group         0x00000000        0x8 ./Sources/main.o
 .group         0x00000000        0x8 ./Sources/main.o
 .group         0x00000000        0x8 ./Sources/main.o
 .group         0x00000000        0x8 ./Sources/main.o
 .text          0x00000000        0x0 ./Sources/main.o
 .data          0x00000000        0x0 ./Sources/main.o
 .bss           0x00000000        0x0 ./Sources/main.o
 .debug_macro   0x00000000      0x802 ./Sources/main.o
 .debug_macro   0x00000000       0x16 ./Sources/main.o
 .debug_macro   0x00000000       0x58 ./Sources/main.o
 .debug_macro   0x00000000       0x16 ./Sources/main.o
 .debug_macro   0x00000000       0x35 ./Sources/main.o
 .debug_macro   0x00000000       0xa3 ./Sources/main.o
 .debug_macro   0x00000000       0x16 ./Sources/main.o
 .debug_macro   0x00000000       0x97 ./Sources/main.o
 .debug_macro   0x00000000       0x10 ./Sources/main.o
 .debug_macro   0x00000000       0xef ./Sources/main.o
 .debug_macro   0x00000000       0x4a ./Sources/main.o
 .debug_macro   0x00000000       0x52 ./Sources/main.o
 .debug_macro   0x00000000       0x16 ./Sources/main.o
 .debug_macro   0x00000000       0x43 ./Sources/main.o
 .debug_macro   0x00000000      0x180 ./Sources/main.o
 .debug_macro   0x00000000       0x10 ./Sources/main.o
 .debug_macro   0x00000000       0x22 ./Sources/main.o
 .debug_macro   0x00000000       0xbd ./Sources/main.o
 .debug_macro   0x00000000       0x16 ./Sources/main.o
 .debug_macro   0x00000000      0x14a ./Sources/main.o
 .debug_macro   0x00000000       0x16 ./Sources/main.o
 .debug_macro   0x00000000      0x20f ./Sources/main.o
 .debug_macro   0x00000000       0x3a ./Sources/main.o
 .debug_macro   0x00000000       0x3a ./Sources/main.o
 .debug_macro   0x00000000       0x26 ./Sources/main.o
 .debug_macro   0x00000000      0x306 ./Sources/main.o
 .debug_macro   0x00000000       0x63 ./Sources/main.o
 .debug_macro   0x00000000     0x839f ./Sources/main.o
 .group         0x00000000        0x8 ./Sources/profile.o
 .group         0x00000000        0x8 ./Sources/profile.o
 .group         0x00000000        0x8 ./Sources/profile.o
 .group         0x00000000        0x8 ./Sources/profile.o
 .group         0x00000000        0x8 ./Sources/profile.o
 .group         0x00000000        0x8 ./Sources/profile.o
 .group         0x00000000        0x8 ./Sources/profile.o
 .group         0x00000000        0x8 ./Sources/profile.o
 .group         0x00000000        0x8 ./Sources/profile.o
 .group         0x00000000        0x8 ./Sources/profile.o
 .group         0x00000000        0x8 ./Sources/profile.o
 .group         0x00000000        0x8 ./Sources/profile.o
 .group         0x00000000        0x8 ./Sources/profile.o
 .group         0x00000000        0x8 ./Sources/profile.o
 .group         0x00000000        0x8 ./Sources/profile.o
 .group         0x00000000        0x8 ./Sources/profile.o
 .group         0x00000000        0x8 ./Sources/profile.o
 .group         0x00000000        0x8 ./Sources/profile.o
 .group         0x00000000        0x8 ./Sources/profile.o
 .group         0x00000000        0x8 ./Sources/profile.o
 .group         0x00000000        0x8 ./Sources/profile.o
 .group         0x00000000        0x8 ./Sources/profile.o
 .group         0x00000000        0x8 ./Sources/profile.o
 .group         0x00000000        0x8 ./Sources/profile.o
 .group         0x00000000        0x8 ./Sources/profile.o
 .group         0x00000000        0x8 ./Sources/profile.o
 .group         0x00000000        0x8 ./Sources/profile.o
 .group         0x00000000        0x8 ./Sources/profile.o
 .text          0x00000000        0x0 ./Sources/profile.o
 .data          0x00000000        0x0 ./Sources/profile.o
 .bss           0x00000000        0x0 ./Sources/profile.o
 .text.timer_reset
                0x00000000       0x14 ./Sources/profile.o
 .debug_macro   0x00000000      0x802 ./Sources/profile.o
 .debug_macro   0x00000000       0x16 ./Sources/profile.o
 .debug_macro   0x00000000       0x58 ./Sources/profile.o
 .debug_macro   0x00000000       0x16 ./Sources/profile.o
 .debug_macro   0x00000000       0x35 ./Sources/profile.o
 .debug_macro   0x00000000       0xa3 ./Sources/profile.o
 .debug_macro   0x00000000       0x16 ./Sources/profile.o
 .debug_macro   0x00000000       0x97 ./Sources/profile.o
 .debug_macro   0x00000000       0x10 ./Sources/profile.o
 .debug_macro   0x00000000       0xef ./Sources/profile.o
 .debug_macro   0x00000000       0x4a ./Sources/profile.o
 .debug_macro   0x00000000       0x52 ./Sources/profile.o
 .debug_macro   0x00000000       0x16 ./Sources/profile.o
 .debug_macro   0x00000000       0x43 ./Sources/profile.o
 .debug_macro   0x00000000      0x180 ./Sources/profile.o
 .debug_macro   0x00000000       0x10 ./Sources/profile.o
 .debug_macro   0x00000000       0x22 ./Sources/profile.o
 .debug_macro   0x00000000       0xbd ./Sources/profile.o
 .debug_macro   0x00000000       0x16 ./Sources/profile.o
 .debug_macro   0x00000000      0x14a ./Sources/profile.o
 .debug_macro   0x00000000       0x16 ./Sources/profile.o
 .debug_macro   0x00000000      0x20f ./Sources/profile.o
 .debug_macro   0x00000000       0x3a ./Sources/profile.o
 .debug_macro   0x00000000       0x3a ./Sources/profile.o
 .debug_macro   0x00000000       0x26 ./Sources/profile.o
 .debug_macro   0x00000000      0x306 ./Sources/profile.o
 .debug_macro   0x00000000       0x63 ./Sources/profile.o
 .debug_macro   0x00000000     0x839f ./Sources/profile.o
 .group         0x00000000        0x8 ./Sources/uart.o
 .group         0x00000000        0x8 ./Sources/uart.o
 .group         0x00000000        0x8 ./Sources/uart.o
 .group         0x00000000        0x8 ./Sources/uart.o
 .group         0x00000000        0x8 ./Sources/uart.o
 .group         0x00000000        0x8 ./Sources/uart.o
 .group         0x00000000        0x8 ./Sources/uart.o
 .group         0x00000000        0x8 ./Sources/uart.o
 .group         0x00000000        0x8 ./Sources/uart.o
 .group         0x00000000        0x8 ./Sources/uart.o
 .group         0x00000000        0x8 ./Sources/uart.o
 .group         0x00000000        0x8 ./Sources/uart.o
 .group         0x00000000        0x8 ./Sources/uart.o
 .group         0x00000000        0x8 ./Sources/uart.o
 .group         0x00000000        0x8 ./Sources/uart.o
 .group         0x00000000        0x8 ./Sources/uart.o
 .group         0x00000000        0x8 ./Sources/uart.o
 .group         0x00000000        0x8 ./Sources/uart.o
 .group         0x00000000        0x8 ./Sources/uart.o
 .group         0x00000000        0x8 ./Sources/uart.o
 .group         0x00000000        0x8 ./Sources/uart.o
 .group         0x00000000        0x8 ./Sources/uart.o
 .group         0x00000000        0x8 ./Sources/uart.o
 .group         0x00000000        0x8 ./Sources/uart.o
 .group         0x00000000        0x8 ./Sources/uart.o
 .group         0x00000000        0x8 ./Sources/uart.o
 .group         0x00000000        0x8 ./Sources/uart.o
 .group         0x00000000        0x8 ./Sources/uart.o
 .text          0x00000000        0x0 ./Sources/uart.o
 .data          0x00000000        0x0 ./Sources/uart.o
 .bss           0x00000000        0x0 ./Sources/uart.o
 .text.uart0_rx
                0x00000000       0x7c ./Sources/uart.o
 .debug_macro   0x00000000      0x802 ./Sources/uart.o
 .debug_macro   0x00000000       0x16 ./Sources/uart.o
 .debug_macro   0x00000000       0x58 ./Sources/uart.o
 .debug_macro   0x00000000       0x16 ./Sources/uart.o
 .debug_macro   0x00000000       0x35 ./Sources/uart.o
 .debug_macro   0x00000000       0xa3 ./Sources/uart.o
 .debug_macro   0x00000000       0x16 ./Sources/uart.o
 .debug_macro   0x00000000       0x97 ./Sources/uart.o
 .debug_macro   0x00000000       0x10 ./Sources/uart.o
 .debug_macro   0x00000000       0xef ./Sources/uart.o
 .debug_macro   0x00000000       0x4a ./Sources/uart.o
 .debug_macro   0x00000000       0x52 ./Sources/uart.o
 .debug_macro   0x00000000       0x16 ./Sources/uart.o
 .debug_macro   0x00000000       0x43 ./Sources/uart.o
 .debug_macro   0x00000000      0x180 ./Sources/uart.o
 .debug_macro   0x00000000       0x10 ./Sources/uart.o
 .debug_macro   0x00000000       0x22 ./Sources/uart.o
 .debug_macro   0x00000000       0xbd ./Sources/uart.o
 .debug_macro   0x00000000       0x16 ./Sources/uart.o
 .debug_macro   0x00000000      0x14a ./Sources/uart.o
 .debug_macro   0x00000000       0x16 ./Sources/uart.o
 .debug_macro   0x00000000      0x20f ./Sources/uart.o
 .debug_macro   0x00000000       0x3a ./Sources/uart.o
 .debug_macro   0x00000000       0x3a ./Sources/uart.o
 .debug_macro   0x00000000       0x26 ./Sources/uart.o
 .debug_macro   0x00000000      0x306 ./Sources/uart.o
 .debug_macro   0x00000000       0x63 ./Sources/uart.o
 .debug_macro   0x00000000     0x839f ./Sources/uart.o
 .data          0x00000000        0x0 ./Project_Settings/Startup_Code/startup_MKL25Z4.o
 .bss           0x00000000        0x0 ./Project_Settings/Startup_Code/startup_MKL25Z4.o
 .group         0x00000000        0x8 ./Project_Settings/Startup_Code/system_MKL25Z4.o
 .group         0x00000000        0x8 ./Project_Settings/Startup_Code/system_MKL25Z4.o
 .group         0x00000000        0x8 ./Project_Settings/Startup_Code/system_MKL25Z4.o
 .group         0x00000000        0x8 ./Project_Settings/Startup_Code/system_MKL25Z4.o
 .group         0x00000000        0x8 ./Project_Settings/Startup_Code/system_MKL25Z4.o
 .group         0x00000000        0x8 ./Project_Settings/Startup_Code/system_MKL25Z4.o
 .group         0x00000000        0x8 ./Project_Settings/Startup_Code/system_MKL25Z4.o
 .group         0x00000000        0x8 ./Project_Settings/Startup_Code/system_MKL25Z4.o
 .group         0x00000000        0x8 ./Project_Settings/Startup_Code/system_MKL25Z4.o
 .group         0x00000000        0x8 ./Project_Settings/Startup_Code/system_MKL25Z4.o
 .text          0x00000000        0x0 ./Project_Settings/Startup_Code/system_MKL25Z4.o
 .data          0x00000000        0x0 ./Project_Settings/Startup_Code/system_MKL25Z4.o
 .bss           0x00000000        0x0 ./Project_Settings/Startup_Code/system_MKL25Z4.o
 .data.SystemCoreClock
                0x00000000        0x4 ./Project_Settings/Startup_Code/system_MKL25Z4.o
 .text.SystemCoreClockUpdate
                0x00000000      0x23c ./Project_Settings/Startup_Code/system_MKL25Z4.o
 .debug_macro   0x00000000      0x802 ./Project_Settings/Startup_Code/system_MKL25Z4.o
 .debug_macro   0x00000000       0x16 ./Project_Settings/Startup_Code/system_MKL25Z4.o
 .debug_macro   0x00000000       0x3a ./Project_Settings/Startup_Code/system_MKL25Z4.o
 .debug_macro   0x00000000       0x26 ./Project_Settings/Startup_Code/system_MKL25Z4.o
 .debug_macro   0x00000000      0x306 ./Project_Settings/Startup_Code/system_MKL25Z4.o
 .debug_macro   0x00000000       0x63 ./Project_Settings/Startup_Code/system_MKL25Z4.o
 .debug_macro   0x00000000     0x839f ./Project_Settings/Startup_Code/system_MKL25Z4.o
 .text          0x00000000       0x9c c:/freescale/kds_v3/toolchain/bin/../lib/gcc/arm-none-eabi/4.8.4/armv6-m\libgcc.a(_udivsi3.o)
 .data          0x00000000        0x0 c:/freescale/kds_v3/toolchain/bin/../lib/gcc/arm-none-eabi/4.8.4/armv6-m\libgcc.a(_udivsi3.o)
 .bss           0x00000000        0x0 c:/freescale/kds_v3/toolchain/bin/../lib/gcc/arm-none-eabi/4.8.4/armv6-m\libgcc.a(_udivsi3.o)
 .debug_frame   0x00000000       0x20 c:/freescale/kds_v3/toolchain/bin/../lib/gcc/arm-none-eabi/4.8.4/armv6-m\libgcc.a(_udivsi3.o)
 .ARM.attributes
                0x00000000       0x1e c:/freescale/kds_v3/toolchain/bin/../lib/gcc/arm-none-eabi/4.8.4/armv6-m\libgcc.a(_udivsi3.o)
 .data          0x00000000        0x0 c:/freescale/kds_v3/toolchain/bin/../lib/gcc/arm-none-eabi/4.8.4/armv6-m\libgcc.a(_divsi3.o)
 .bss           0x00000000        0x0 c:/freescale/kds_v3/toolchain/bin/../lib/gcc/arm-none-eabi/4.8.4/armv6-m\libgcc.a(_divsi3.o)
 .data          0x00000000        0x0 c:/freescale/kds_v3/toolchain/bin/../lib/gcc/arm-none-eabi/4.8.4/armv6-m\libgcc.a(_dvmd_tls.o)
 .bss           0x00000000        0x0 c:/freescale/kds_v3/toolchain/bin/../lib/gcc/arm-none-eabi/4.8.4/armv6-m\libgcc.a(_dvmd_tls.o)
 .data          0x00000000        0x0 c:/freescale/kds_v3/toolchain/bin/../lib/gcc/arm-none-eabi/4.8.4/armv6-m\libgcc.a(mulsf3.o)
 .bss           0x00000000        0x0 c:/freescale/kds_v3/toolchain/bin/../lib/gcc/arm-none-eabi/4.8.4/armv6-m\libgcc.a(mulsf3.o)
 .data          0x00000000        0x0 c:/freescale/kds_v3/toolchain/bin/../lib/gcc/arm-none-eabi/4.8.4/armv6-m\libgcc.a(subsf3.o)
 .bss           0x00000000        0x0 c:/freescale/kds_v3/toolchain/bin/../lib/gcc/arm-none-eabi/4.8.4/armv6-m\libgcc.a(subsf3.o)
 .data          0x00000000        0x0 c:/freescale/kds_v3/toolchain/bin/../lib/gcc/arm-none-eabi/4.8.4/armv6-m\libgcc.a(fixsfsi.o)
 .bss           0x00000000        0x0 c:/freescale/kds_v3/toolchain/bin/../lib/gcc/arm-none-eabi/4.8.4/armv6-m\libgcc.a(fixsfsi.o)
 .data          0x00000000        0x0 c:/freescale/kds_v3/toolchain/bin/../lib/gcc/arm-none-eabi/4.8.4/armv6-m\libgcc.a(floatsisf.o)
 .bss           0x00000000        0x0 c:/freescale/kds_v3/toolchain/bin/../lib/gcc/arm-none-eabi/4.8.4/armv6-m\libgcc.a(floatsisf.o)
 .data          0x00000000        0x0 c:/freescale/kds_v3/toolchain/bin/../lib/gcc/arm-none-eabi/4.8.4/armv6-m\libgcc.a(floatunsisf.o)
 .bss           0x00000000        0x0 c:/freescale/kds_v3/toolchain/bin/../lib/gcc/arm-none-eabi/4.8.4/armv6-m\libgcc.a(floatunsisf.o)
 .data          0x00000000        0x0 c:/freescale/kds_v3/toolchain/bin/../lib/gcc/arm-none-eabi/4.8.4/armv6-m\libgcc.a(_clzsi2.o)
 .bss           0x00000000        0x0 c:/freescale/kds_v3/toolchain/bin/../lib/gcc/arm-none-eabi/4.8.4/armv6-m\libgcc.a(_clzsi2.o)
 .text          0x00000000        0x0 c:/freescale/kds_v3/toolchain/bin/../lib/gcc/arm-none-eabi/4.8.4/../../../../arm-none-eabi/lib/armv6-m\libg_s.a(lib_a-exit.o)
 .data          0x00000000        0x0 c:/freescale/kds_v3/toolchain/bin/../lib/gcc/arm-none-eabi/4.8.4/../../../../arm-none-eabi/lib/armv6-m\libg_s.a(lib_a-exit.o)
 .bss           0x00000000        0x0 c:/freescale/kds_v3/toolchain/bin/../lib/gcc/arm-none-eabi/4.8.4/../../../../arm-none-eabi/lib/armv6-m\libg_s.a(lib_a-exit.o)
 .text          0x00000000        0x0 c:/freescale/kds_v3/toolchain/bin/../lib/gcc/arm-none-eabi/4.8.4/../../../../arm-none-eabi/lib/armv6-m\libg_s.a(lib_a-impure.o)
 .data          0x00000000        0x0 c:/freescale/kds_v3/toolchain/bin/../lib/gcc/arm-none-eabi/4.8.4/../../../../arm-none-eabi/lib/armv6-m\libg_s.a(lib_a-impure.o)
 .bss           0x00000000        0x0 c:/freescale/kds_v3/toolchain/bin/../lib/gcc/arm-none-eabi/4.8.4/../../../../arm-none-eabi/lib/armv6-m\libg_s.a(lib_a-impure.o)
 .data._impure_ptr
                0x00000000        0x4 c:/freescale/kds_v3/toolchain/bin/../lib/gcc/arm-none-eabi/4.8.4/../../../../arm-none-eabi/lib/armv6-m\libg_s.a(lib_a-impure.o)
 .text          0x00000000        0x0 c:/freescale/kds_v3/toolchain/bin/../lib/gcc/arm-none-eabi/4.8.4/../../../../arm-none-eabi/lib/armv6-m\libg_s.a(lib_a-init.o)
 .data          0x00000000        0x0 c:/freescale/kds_v3/toolchain/bin/../lib/gcc/arm-none-eabi/4.8.4/../../../../arm-none-eabi/lib/armv6-m\libg_s.a(lib_a-init.o)
 .bss           0x00000000        0x0 c:/freescale/kds_v3/toolchain/bin/../lib/gcc/arm-none-eabi/4.8.4/../../../../arm-none-eabi/lib/armv6-m\libg_s.a(lib_a-init.o)
 .text          0x00000000        0x0 c:/freescale/kds_v3/toolchain/bin/../lib/gcc/arm-none-eabi/4.8.4/../../../../arm-none-eabi/lib/armv6-m\libg_s.a(lib_a-memset.o)
 .data          0x00000000        0x0 c:/freescale/kds_v3/toolchain/bin/../lib/gcc/arm-none-eabi/4.8.4/../../../../arm-none-eabi/lib/armv6-m\libg_s.a(lib_a-memset.o)
 .bss           0x00000000        0x0 c:/freescale/kds_v3/toolchain/bin/../lib/gcc/arm-none-eabi/4.8.4/../../../../arm-none-eabi/lib/armv6-m\libg_s.a(lib_a-memset.o)
 .text          0x00000000        0x0 c:/freescale/kds_v3/toolchain/bin/../lib/gcc/arm-none-eabi/4.8.4/../../../../arm-none-eabi/lib/armv6-m\libnosys.a(_exit.o)
 .data          0x00000000        0x0 c:/freescale/kds_v3/toolchain/bin/../lib/gcc/arm-none-eabi/4.8.4/../../../../arm-none-eabi/lib/armv6-m\libnosys.a(_exit.o)
 .bss           0x00000000        0x0 c:/freescale/kds_v3/toolchain/bin/../lib/gcc/arm-none-eabi/4.8.4/../../../../arm-none-eabi/lib/armv6-m\libnosys.a(_exit.o)
 .text          0x00000000        0x0 c:/freescale/kds_v3/toolchain/bin/../lib/gcc/arm-none-eabi/4.8.4/armv6-m/crtend.o
 .data          0x00000000        0x0 c:/freescale/kds_v3/toolchain/bin/../lib/gcc/arm-none-eabi/4.8.4/armv6-m/crtend.o
 .bss           0x00000000        0x0 c:/freescale/kds_v3/toolchain/bin/../lib/gcc/arm-none-eabi/4.8.4/armv6-m/crtend.o
 .eh_frame      0x00000000        0x4 c:/freescale/kds_v3/toolchain/bin/../lib/gcc/arm-none-eabi/4.8.4/armv6-m/crtend.o
 .text          0x00000000        0x0 c:/freescale/kds_v3/toolchain/bin/../lib/gcc/arm-none-eabi/4.8.4/armv6-m/crtn.o
 .data          0x00000000        0x0 c:/freescale/kds_v3/toolchain/bin/../lib/gcc/arm-none-eabi/4.8.4/armv6-m/crtn.o
 .bss           0x00000000        0x0 c:/freescale/kds_v3/toolchain/bin/../lib/gcc/arm-none-eabi/4.8.4/armv6-m/crtn.o

Memory Configuration

Name             Origin             Length             Attributes
m_interrupts     0x00000000         0x00000100         xr
m_flash_config   0x00000400         0x00000010         xr
m_text           0x00000410         0x0001fbf0         xr
m_data           0x1ffff000         0x00004000         rw
*default*        0x00000000         0xffffffff

Linker script and memory map

LOAD c:/freescale/kds_v3/toolchain/bin/../lib/gcc/arm-none-eabi/4.8.4/armv6-m/crti.o
LOAD c:/freescale/kds_v3/toolchain/bin/../lib/gcc/arm-none-eabi/4.8.4/armv6-m/crtbegin.o
LOAD c:/freescale/kds_v3/toolchain/bin/../lib/gcc/arm-none-eabi/4.8.4/../../../../arm-none-eabi/lib/armv6-m/crt0.o
LOAD ./Sources/dma.o
LOAD ./Sources/ftoa.o
LOAD ./Sources/io.o
LOAD ./Sources/main.o
LOAD ./Sources/profile.o
LOAD ./Sources/uart.o
LOAD ./Project_Settings/Startup_Code/startup_MKL25Z4.o
LOAD ./Project_Settings/Startup_Code/system_MKL25Z4.o
LOAD c:/freescale/kds_v3/toolchain/bin/../lib/gcc/arm-none-eabi/4.8.4/../../../../arm-none-eabi/lib/armv6-m\libstdc++_s.a
LOAD c:/freescale/kds_v3/toolchain/bin/../lib/gcc/arm-none-eabi/4.8.4/../../../../arm-none-eabi/lib/armv6-m\libm.a
START GROUP
LOAD c:/freescale/kds_v3/toolchain/bin/../lib/gcc/arm-none-eabi/4.8.4/armv6-m\libgcc.a
LOAD c:/freescale/kds_v3/toolchain/bin/../lib/gcc/arm-none-eabi/4.8.4/../../../../arm-none-eabi/lib/armv6-m\libg_s.a
LOAD c:/freescale/kds_v3/toolchain/bin/../lib/gcc/arm-none-eabi/4.8.4/../../../../arm-none-eabi/lib/armv6-m\libc_s.a
END GROUP
START GROUP
LOAD c:/freescale/kds_v3/toolchain/bin/../lib/gcc/arm-none-eabi/4.8.4/armv6-m\libgcc.a
LOAD c:/freescale/kds_v3/toolchain/bin/../lib/gcc/arm-none-eabi/4.8.4/../../../../arm-none-eabi/lib/armv6-m\libc_s.a
LOAD c:/freescale/kds_v3/toolchain/bin/../lib/gcc/arm-none-eabi/4.8.4/../../../../arm-none-eabi/lib/armv6-m\libnosys.a
END GROUP
START GROUP
LOAD c:/freescale/kds_v3/toolchain/bin/../lib/gcc/arm-none-eabi/4.8.4/armv6-m\libgcc.a
LOAD c:/freescale/kds_v3/toolchain/bin/../lib/gcc/arm-none-eabi/4.8.4/../../../../arm-none-eabi/lib/armv6-m\libc_s.a
LOAD c:/freescale/kds_v3/toolchain/bin/../lib/gcc/arm-none-eabi/4.8.4/../../../../arm-none-eabi/lib/armv6-m\libnosys.a
END GROUP
LOAD c:/freescale/kds_v3/toolchain/bin/../lib/gcc/arm-none-eabi/4.8.4/armv6-m/crtend.o
LOAD c:/freescale/kds_v3/toolchain/bin/../lib/gcc/arm-none-eabi/4.8.4/armv6-m/crtn.o
                0x00000400                HEAP_SIZE = DEFINED (__heap_size__)?__heap_size__:0x400
                0x00000400                STACK_SIZE = DEFINED (__stack_size__)?__stack_size__:0x400

.interrupts     0x00000000       0xc0
                0x00000000                __VECTOR_TABLE = .
                0x00000000                . = ALIGN (0x4)
 *(.isr_vector)
 .isr_vector    0x00000000       0xc0 ./Project_Settings/Startup_Code/startup_MKL25Z4.o
                0x00000000                __isr_vector
                0x000000c0                . = ALIGN (0x4)

.flash_config   0x00000400       0x10
                0x00000400                . = ALIGN (0x4)
 *(.FlashConfig)
 .FlashConfig   0x00000400       0x10 ./Project_Settings/Startup_Code/startup_MKL25Z4.o
                0x00000410                . = ALIGN (0x4)

.text           0x00000410     0x1090
                0x00000410                . = ALIGN (0x4)
 *(.text)
 .text          0x00000410       0x60 c:/freescale/kds_v3/toolchain/bin/../lib/gcc/arm-none-eabi/4.8.4/armv6-m/crtbegin.o
 .text          0x00000470       0x78 c:/freescale/kds_v3/toolchain/bin/../lib/gcc/arm-none-eabi/4.8.4/../../../../arm-none-eabi/lib/armv6-m/crt0.o
                0x00000470                _start
                0x00000470                _mainCRTStartup
 .text          0x000004e8       0x34 ./Project_Settings/Startup_Code/startup_MKL25Z4.o
                0x000004e8                Reset_Handler
                0x00000514                HardFault_Handler
                0x00000514                SysTick_Handler
                0x00000514                PendSV_Handler
                0x00000514                NMI_Handler
                0x00000514                I2C1_IRQHandler
                0x00000514                UART1_IRQHandler
                0x00000514                DMA2_IRQHandler
                0x00000514                TPM0_IRQHandler
                0x00000514                LLWU_IRQHandler
                0x00000514                TSI0_IRQHandler
                0x00000514                UART0_IRQHandler
                0x00000514                ADC0_IRQHandler
                0x00000514                Reserved39_IRQHandler
                0x00000514                SPI1_IRQHandler
                0x00000514                DefaultISR
                0x00000514                PORTD_IRQHandler
                0x00000514                TPM2_IRQHandler
                0x00000514                RTC_IRQHandler
                0x00000514                I2C0_IRQHandler
                0x00000514                RTC_Seconds_IRQHandler
                0x00000514                MCG_IRQHandler
                0x00000514                UART2_IRQHandler
                0x00000514                Reserved20_IRQHandler
                0x00000514                USB0_IRQHandler
                0x00000514                PIT_IRQHandler
                0x00000514                SVC_Handler
                0x00000514                DMA3_IRQHandler
                0x00000514                DAC0_IRQHandler
                0x00000514                Reserved45_IRQHandler
                0x00000514                TPM1_IRQHandler
                0x00000514                LVD_LVW_IRQHandler
                0x00000514                SPI0_IRQHandler
                0x00000514                PORTA_IRQHandler
                0x00000514                FTFA_IRQHandler
                0x00000514                LPTMR0_IRQHandler
                0x00000514                CMP0_IRQHandler
                0x00000514                DMA1_IRQHandler
 .text          0x0000051c       0xc0 c:/freescale/kds_v3/toolchain/bin/../lib/gcc/arm-none-eabi/4.8.4/armv6-m\libgcc.a(_divsi3.o)
                0x0000051c                __divsi3
                0x0000051c                __aeabi_idiv
                0x000005c8                __aeabi_idivmod
 .text          0x000005dc        0x4 c:/freescale/kds_v3/toolchain/bin/../lib/gcc/arm-none-eabi/4.8.4/armv6-m\libgcc.a(_dvmd_tls.o)
                0x000005dc                __aeabi_idiv0
                0x000005dc                __aeabi_ldiv0
 .text          0x000005e0      0x254 c:/freescale/kds_v3/toolchain/bin/../lib/gcc/arm-none-eabi/4.8.4/armv6-m\libgcc.a(mulsf3.o)
                0x000005e0                __aeabi_fmul
 .text          0x00000834      0x2ec c:/freescale/kds_v3/toolchain/bin/../lib/gcc/arm-none-eabi/4.8.4/armv6-m\libgcc.a(subsf3.o)
                0x00000834                __aeabi_fsub
 .text          0x00000b20       0x40 c:/freescale/kds_v3/toolchain/bin/../lib/gcc/arm-none-eabi/4.8.4/armv6-m\libgcc.a(fixsfsi.o)
                0x00000b20                __aeabi_f2iz
 .text          0x00000b60       0xb8 c:/freescale/kds_v3/toolchain/bin/../lib/gcc/arm-none-eabi/4.8.4/armv6-m\libgcc.a(floatsisf.o)
                0x00000b60                __aeabi_i2f
 .text          0x00000c18       0xa0 c:/freescale/kds_v3/toolchain/bin/../lib/gcc/arm-none-eabi/4.8.4/armv6-m\libgcc.a(floatunsisf.o)
                0x00000c18                __aeabi_ui2f
 .text          0x00000cb8       0x3c c:/freescale/kds_v3/toolchain/bin/../lib/gcc/arm-none-eabi/4.8.4/armv6-m\libgcc.a(_clzsi2.o)
                0x00000cb8                __clzsi2
 *(.text*)
 .text.dma_setup32
                0x00000cf4      0x1a4 ./Sources/dma.o
                0x00000cf4                dma_setup32
 .text.dma_memzero
                0x00000e98       0x28 ./Sources/dma.o
                0x00000e98                dma_memzero
 .text.DMA0_IRQHandler
                0x00000ec0       0x60 ./Sources/dma.o
                0x00000ec0                DMA0_IRQHandler
 .text.reverse  0x00000f20       0x58 ./Sources/ftoa.o
                0x00000f20                reverse
 .text.intToStr
                0x00000f78       0x80 ./Sources/ftoa.o
                0x00000f78                intToStr
 .text.ftoa     0x00000ff8       0x90 ./Sources/ftoa.o
                0x00000ff8                ftoa
 .text.power    0x00001088       0x34 ./Sources/ftoa.o
                0x00001088                power
 .text.send_data
                0x000010bc       0x30 ./Sources/io.o
                0x000010bc                send_data
 .text.main     0x000010ec       0x18 ./Sources/main.o
                0x000010ec                main
 .text.profile_timer_init
                0x00001104       0x60 ./Sources/profile.o
                0x00001104                profile_timer_init
 .text.timer_on
                0x00001164       0x18 ./Sources/profile.o
                0x00001164                timer_on
 .text.timer_off
                0x0000117c       0x14 ./Sources/profile.o
                0x0000117c                timer_off
 .text.timer_calculate
                0x00001190       0x34 ./Sources/profile.o
                0x00001190                timer_calculate
 .text.timer_print
                0x000011c4       0x58 ./Sources/profile.o
                0x000011c4                timer_print
 .text.uart0_init
                0x0000121c       0x44 ./Sources/uart.o
                0x0000121c                uart0_init
 .text.uart0_tx
                0x00001260       0x60 ./Sources/uart.o
                0x00001260                uart0_tx
 .text.print_stringl
                0x000012c0       0x40 ./Sources/uart.o
                0x000012c0                print_stringl
 .text.print_string
                0x00001300       0x34 ./Sources/uart.o
                0x00001300                print_string
 .text.SystemInit
                0x00001334       0x18 ./Project_Settings/Startup_Code/system_MKL25Z4.o
                0x00001334                SystemInit
 .text.exit     0x0000134c       0x2c c:/freescale/kds_v3/toolchain/bin/../lib/gcc/arm-none-eabi/4.8.4/../../../../arm-none-eabi/lib/armv6-m\libg_s.a(lib_a-exit.o)
                0x0000134c                exit
 .text.__libc_init_array
                0x00001378       0x4c c:/freescale/kds_v3/toolchain/bin/../lib/gcc/arm-none-eabi/4.8.4/../../../../arm-none-eabi/lib/armv6-m\libg_s.a(lib_a-init.o)
                0x00001378                __libc_init_array
 .text.memset   0x000013c4       0x10 c:/freescale/kds_v3/toolchain/bin/../lib/gcc/arm-none-eabi/4.8.4/../../../../arm-none-eabi/lib/armv6-m\libg_s.a(lib_a-memset.o)
                0x000013c4                memset
 .text._exit    0x000013d4        0x4 c:/freescale/kds_v3/toolchain/bin/../lib/gcc/arm-none-eabi/4.8.4/../../../../arm-none-eabi/lib/armv6-m\libnosys.a(_exit.o)
                0x000013d4                _exit
 *(.rodata)
 .rodata        0x000013d8       0x58 ./Sources/dma.o
 .rodata        0x00001430       0x10 ./Sources/profile.o
 .rodata        0x00001440       0x40 c:/freescale/kds_v3/toolchain/bin/../lib/gcc/arm-none-eabi/4.8.4/armv6-m\libgcc.a(mulsf3.o)
 *(.rodata*)
 .rodata.str1.1
                0x00001480        0x2 c:/freescale/kds_v3/toolchain/bin/../lib/gcc/arm-none-eabi/4.8.4/../../../../arm-none-eabi/lib/armv6-m\libg_s.a(lib_a-impure.o)
 *fill*         0x00001482        0x2 
 .rodata._global_impure_ptr
                0x00001484        0x4 c:/freescale/kds_v3/toolchain/bin/../lib/gcc/arm-none-eabi/4.8.4/../../../../arm-none-eabi/lib/armv6-m\libg_s.a(lib_a-impure.o)
                0x00001484                _global_impure_ptr
 *(.glue_7)
 .glue_7        0x00000000        0x0 linker stubs
 *(.glue_7t)
 .glue_7t       0x00000000        0x0 linker stubs
 *(.eh_frame)
 .eh_frame      0x00001488        0x0 c:/freescale/kds_v3/toolchain/bin/../lib/gcc/arm-none-eabi/4.8.4/armv6-m/crtbegin.o
 *(.init)
 .init          0x00001488        0x4 c:/freescale/kds_v3/toolchain/bin/../lib/gcc/arm-none-eabi/4.8.4/armv6-m/crti.o
                0x00001488                _init
 .init          0x0000148c        0x8 c:/freescale/kds_v3/toolchain/bin/../lib/gcc/arm-none-eabi/4.8.4/armv6-m/crtn.o
 *(.fini)
 .fini          0x00001494        0x4 c:/freescale/kds_v3/toolchain/bin/../lib/gcc/arm-none-eabi/4.8.4/armv6-m/crti.o
                0x00001494                _fini
 .fini          0x00001498        0x8 c:/freescale/kds_v3/toolchain/bin/../lib/gcc/arm-none-eabi/4.8.4/armv6-m/crtn.o
                0x000014a0                . = ALIGN (0x4)

.vfp11_veneer   0x000014a0        0x0
 .vfp11_veneer  0x00000000        0x0 linker stubs

.v4_bx          0x000014a0        0x0
 .v4_bx         0x00000000        0x0 linker stubs

.iplt           0x000014a0        0x0
 .iplt          0x00000000        0x0 c:/freescale/kds_v3/toolchain/bin/../lib/gcc/arm-none-eabi/4.8.4/armv6-m/crtbegin.o

.ARM.extab
 *(.ARM.extab* .gnu.linkonce.armextab.*)

.ARM            0x000014a0        0x8
                0x000014a0                __exidx_start = .
 *(.ARM.exidx*)
 .ARM.exidx     0x000014a0        0x8 c:/freescale/kds_v3/toolchain/bin/../lib/gcc/arm-none-eabi/4.8.4/../../../../arm-none-eabi/lib/armv6-m/crt0.o
                0x000014a8                __exidx_end = .

.rel.dyn        0x000014a8        0x0
 .rel.iplt      0x00000000        0x0 c:/freescale/kds_v3/toolchain/bin/../lib/gcc/arm-none-eabi/4.8.4/armv6-m/crtbegin.o

.ctors          0x000014a8        0x0
                0x000014a8                __CTOR_LIST__ = .
 *crtbegin.o(.ctors)
 *crtbegin?.o(.ctors)
 *(EXCLUDE_FILE(*crtend.o *crtend?.o) .ctors)
 *(SORT(.ctors.*))
 *(.ctors)
                0x000014a8                __CTOR_END__ = .

.dtors          0x000014a8        0x0
                0x000014a8                __DTOR_LIST__ = .
 *crtbegin.o(.dtors)
 *crtbegin?.o(.dtors)
 *(EXCLUDE_FILE(*crtend.o *crtend?.o) .dtors)
 *(SORT(.dtors.*))
 *(.dtors)
                0x000014a8                __DTOR_END__ = .

.preinit_array  0x000014a8        0x0
                0x000014a8                PROVIDE (__preinit_array_start, .)
 *(.preinit_array*)
                0x000014a8                PROVIDE (__preinit_array_end, .)

.init_array     0x000014a8        0x4
                0x000014a8                PROVIDE (__init_array_start, .)
 *(SORT(.init_array.*))
 *(.init_array*)
 .init_array    0x000014a8        0x4 c:/freescale/kds_v3/toolchain/bin/../lib/gcc/arm-none-eabi/4.8.4/armv6-m/crtbegin.o
                0x000014ac                PROVIDE (__init_array_end, .)

.fini_array     0x000014ac        0x4
                0x000014ac                PROVIDE (__fini_array_start, .)
 *(SORT(.fini_array.*))
 *(.fini_array*)
 .fini_array    0x000014ac        0x4 c:/freescale/kds_v3/toolchain/bin/../lib/gcc/arm-none-eabi/4.8.4/armv6-m/crtbegin.o
                0x000014b0                PROVIDE (__fini_array_end, .)
                0x000014b0                __etext = .
                0x000014b0                __DATA_ROM = .

.mtb            0x1ffff000        0x0
                0x1ffff000                . = ALIGN (0x8)
                0x1ffff000                _mtb_start = .
 *(.mtb_buf)
                0x1ffff000                . = ALIGN (0x8)
                0x1ffff000                _mtb_end = .

.data           0x1ffff000       0x64 load address 0x000014b0
                0x1ffff000                . = ALIGN (0x4)
                0x1ffff000                __DATA_RAM = .
                0x1ffff000                __data_start__ = .
 *(.data)
 *(.data*)
 .data.impure_data
                0x1ffff000       0x60 c:/freescale/kds_v3/toolchain/bin/../lib/gcc/arm-none-eabi/4.8.4/../../../../arm-none-eabi/lib/armv6-m\libg_s.a(lib_a-impure.o)
 *(.jcr*)
 .jcr           0x1ffff060        0x0 c:/freescale/kds_v3/toolchain/bin/../lib/gcc/arm-none-eabi/4.8.4/armv6-m/crtbegin.o
 .jcr           0x1ffff060        0x4 c:/freescale/kds_v3/toolchain/bin/../lib/gcc/arm-none-eabi/4.8.4/armv6-m/crtend.o
                0x1ffff064                . = ALIGN (0x4)
                0x1ffff064                __data_end__ = .
                0x00001514                __DATA_END = (__DATA_ROM + (__data_end__ - __data_start__))

.igot.plt       0x1ffff064        0x0 load address 0x00001514
 .igot.plt      0x00000000        0x0 c:/freescale/kds_v3/toolchain/bin/../lib/gcc/arm-none-eabi/4.8.4/armv6-m/crtbegin.o

.bss            0x1ffff064       0x1c load address 0x00001514
                0x1ffff064                . = ALIGN (0x4)
                0x1ffff064                __START_BSS = .
                0x1ffff064                __bss_start__ = .
 *(.bss)
 .bss           0x1ffff064       0x1c c:/freescale/kds_v3/toolchain/bin/../lib/gcc/arm-none-eabi/4.8.4/armv6-m/crtbegin.o
 *(.bss*)
 *(COMMON)
                0x1ffff080                . = ALIGN (0x4)
                0x1ffff080                __bss_end__ = .
                0x1ffff080                __END_BSS = .

.heap           0x1ffff080      0x400 load address 0x00001530
                0x1ffff080                . = ALIGN (0x8)
                0x1ffff080                __end__ = .
                0x1ffff080                PROVIDE (end, .)
                0x1ffff080                __HeapBase = .
                0x1ffff480                . = (. + HEAP_SIZE)
 *fill*         0x1ffff080      0x400 
                0x1ffff480                __HeapLimit = .

.stack          0x1ffff480      0x400 load address 0x00001930
                0x1ffff480                . = ALIGN (0x8)
                0x1ffff880                . = (. + STACK_SIZE)
 *fill*         0x1ffff480      0x400 
                0x20003000                __StackTop = (ORIGIN (m_data) + 0x4000)
                0x20002c00                __StackLimit = (__StackTop - STACK_SIZE)
                0x20003000                PROVIDE (__stack, __StackTop)

.ARM.attributes
                0x00000000       0x28
 *(.ARM.attributes)
 .ARM.attributes
                0x00000000       0x1e c:/freescale/kds_v3/toolchain/bin/../lib/gcc/arm-none-eabi/4.8.4/armv6-m/crti.o
 .ARM.attributes
                0x0000001e       0x2c c:/freescale/kds_v3/toolchain/bin/../lib/gcc/arm-none-eabi/4.8.4/armv6-m/crtbegin.o
 .ARM.attributes
                0x0000004a       0x1b c:/freescale/kds_v3/toolchain/bin/../lib/gcc/arm-none-eabi/4.8.4/../../../../arm-none-eabi/lib/armv6-m/crt0.o
 .ARM.attributes
                0x00000065       0x32 ./Sources/dma.o
 .ARM.attributes
                0x00000097       0x32 ./Sources/ftoa.o
 .ARM.attributes
                0x000000c9       0x32 ./Sources/io.o
 .ARM.attributes
                0x000000fb       0x32 ./Sources/main.o
 .ARM.attributes
                0x0000012d       0x32 ./Sources/profile.o
 .ARM.attributes
                0x0000015f       0x32 ./Sources/uart.o
 .ARM.attributes
                0x00000191       0x1b ./Project_Settings/Startup_Code/startup_MKL25Z4.o
 .ARM.attributes
                0x000001ac       0x32 ./Project_Settings/Startup_Code/system_MKL25Z4.o
 .ARM.attributes
                0x000001de       0x1e c:/freescale/kds_v3/toolchain/bin/../lib/gcc/arm-none-eabi/4.8.4/armv6-m\libgcc.a(_divsi3.o)
 .ARM.attributes
                0x000001fc       0x1e c:/freescale/kds_v3/toolchain/bin/../lib/gcc/arm-none-eabi/4.8.4/armv6-m\libgcc.a(_dvmd_tls.o)
 .ARM.attributes
                0x0000021a       0x2c c:/freescale/kds_v3/toolchain/bin/../lib/gcc/arm-none-eabi/4.8.4/armv6-m\libgcc.a(mulsf3.o)
 .ARM.attributes
                0x00000246       0x2c c:/freescale/kds_v3/toolchain/bin/../lib/gcc/arm-none-eabi/4.8.4/armv6-m\libgcc.a(subsf3.o)
 .ARM.attributes
                0x00000272       0x2c c:/freescale/kds_v3/toolchain/bin/../lib/gcc/arm-none-eabi/4.8.4/armv6-m\libgcc.a(fixsfsi.o)
 .ARM.attributes
                0x0000029e       0x2c c:/freescale/kds_v3/toolchain/bin/../lib/gcc/arm-none-eabi/4.8.4/armv6-m\libgcc.a(floatsisf.o)
 .ARM.attributes
                0x000002ca       0x2c c:/freescale/kds_v3/toolchain/bin/../lib/gcc/arm-none-eabi/4.8.4/armv6-m\libgcc.a(floatunsisf.o)
 .ARM.attributes
                0x000002f6       0x1e c:/freescale/kds_v3/toolchain/bin/../lib/gcc/arm-none-eabi/4.8.4/armv6-m\libgcc.a(_clzsi2.o)
 .ARM.attributes
                0x00000314       0x2c c:/freescale/kds_v3/toolchain/bin/../lib/gcc/arm-none-eabi/4.8.4/../../../../arm-none-eabi/lib/armv6-m\libg_s.a(lib_a-exit.o)
 .ARM.attributes
                0x00000340       0x2c c:/freescale/kds_v3/toolchain/bin/../lib/gcc/arm-none-eabi/4.8.4/../../../../arm-none-eabi/lib/armv6-m\libg_s.a(lib_a-impure.o)
 .ARM.attributes
                0x0000036c       0x2c c:/freescale/kds_v3/toolchain/bin/../lib/gcc/arm-none-eabi/4.8.4/../../../../arm-none-eabi/lib/armv6-m\libg_s.a(lib_a-init.o)
 .ARM.attributes
                0x00000398       0x2c c:/freescale/kds_v3/toolchain/bin/../lib/gcc/arm-none-eabi/4.8.4/../../../../arm-none-eabi/lib/armv6-m\libg_s.a(lib_a-memset.o)
 .ARM.attributes
                0x000003c4       0x2c c:/freescale/kds_v3/toolchain/bin/../lib/gcc/arm-none-eabi/4.8.4/../../../../arm-none-eabi/lib/armv6-m\libnosys.a(_exit.o)
 .ARM.attributes
                0x000003f0       0x2c c:/freescale/kds_v3/toolchain/bin/../lib/gcc/arm-none-eabi/4.8.4/armv6-m/crtend.o
 .ARM.attributes
                0x0000041c       0x1e c:/freescale/kds_v3/toolchain/bin/../lib/gcc/arm-none-eabi/4.8.4/armv6-m/crtn.o
                0x00000001                ASSERT ((__StackLimit >= __HeapLimit), region m_data overflowed with stack and heap)
OUTPUT(spi_project.elf elf32-littlearm)

.debug_info     0x00000000     0x1867
 .debug_info    0x00000000      0x5dd ./Sources/dma.o
 .debug_info    0x000005dd      0x1db ./Sources/ftoa.o
 .debug_info    0x000007b8      0x1da ./Sources/io.o
 .debug_info    0x00000992       0x93 ./Sources/main.o
 .debug_info    0x00000a25      0x461 ./Sources/profile.o
 .debug_info    0x00000e86      0x559 ./Sources/uart.o
 .debug_info    0x000013df       0x9b ./Project_Settings/Startup_Code/startup_MKL25Z4.o
 .debug_info    0x0000147a      0x3ed ./Project_Settings/Startup_Code/system_MKL25Z4.o

.debug_abbrev   0x00000000      0x721
 .debug_abbrev  0x00000000      0x151 ./Sources/dma.o
 .debug_abbrev  0x00000151       0xdc ./Sources/ftoa.o
 .debug_abbrev  0x0000022d       0xf0 ./Sources/io.o
 .debug_abbrev  0x0000031d       0x47 ./Sources/main.o
 .debug_abbrev  0x00000364      0x15a ./Sources/profile.o
 .debug_abbrev  0x000004be      0x146 ./Sources/uart.o
 .debug_abbrev  0x00000604       0x14 ./Project_Settings/Startup_Code/startup_MKL25Z4.o
 .debug_abbrev  0x00000618      0x109 ./Project_Settings/Startup_Code/system_MKL25Z4.o

.debug_aranges  0x00000000      0x198
 .debug_aranges
                0x00000000       0x40 ./Sources/dma.o
 .debug_aranges
                0x00000040       0x38 ./Sources/ftoa.o
 .debug_aranges
                0x00000078       0x30 ./Sources/io.o
 .debug_aranges
                0x000000a8       0x20 ./Sources/main.o
 .debug_aranges
                0x000000c8       0x48 ./Sources/profile.o
 .debug_aranges
                0x00000110       0x40 ./Sources/uart.o
 .debug_aranges
                0x00000150       0x20 ./Project_Settings/Startup_Code/startup_MKL25Z4.o
 .debug_aranges
                0x00000170       0x28 ./Project_Settings/Startup_Code/system_MKL25Z4.o

.debug_ranges   0x00000000      0x108
 .debug_ranges  0x00000000       0x30 ./Sources/dma.o
 .debug_ranges  0x00000030       0x28 ./Sources/ftoa.o
 .debug_ranges  0x00000058       0x20 ./Sources/io.o
 .debug_ranges  0x00000078       0x10 ./Sources/main.o
 .debug_ranges  0x00000088       0x38 ./Sources/profile.o
 .debug_ranges  0x000000c0       0x30 ./Sources/uart.o
 .debug_ranges  0x000000f0       0x18 ./Project_Settings/Startup_Code/system_MKL25Z4.o

.debug_macro    0x00000000     0xa5ac
 .debug_macro   0x00000000      0x18a ./Sources/dma.o
 .debug_macro   0x0000018a      0x802 ./Sources/dma.o
 .debug_macro   0x0000098c       0x16 ./Sources/dma.o
 .debug_macro   0x000009a2       0x58 ./Sources/dma.o
 .debug_macro   0x000009fa       0x16 ./Sources/dma.o
 .debug_macro   0x00000a10       0x35 ./Sources/dma.o
 .debug_macro   0x00000a45       0xa3 ./Sources/dma.o
 .debug_macro   0x00000ae8       0x16 ./Sources/dma.o
 .debug_macro   0x00000afe       0x97 ./Sources/dma.o
 .debug_macro   0x00000b95       0x10 ./Sources/dma.o
 .debug_macro   0x00000ba5       0xef ./Sources/dma.o
 .debug_macro   0x00000c94       0x4a ./Sources/dma.o
 .debug_macro   0x00000cde       0x52 ./Sources/dma.o
 .debug_macro   0x00000d30       0x16 ./Sources/dma.o
 .debug_macro   0x00000d46       0x43 ./Sources/dma.o
 .debug_macro   0x00000d89      0x180 ./Sources/dma.o
 .debug_macro   0x00000f09       0x10 ./Sources/dma.o
 .debug_macro   0x00000f19       0x22 ./Sources/dma.o
 .debug_macro   0x00000f3b       0xbd ./Sources/dma.o
 .debug_macro   0x00000ff8       0x16 ./Sources/dma.o
 .debug_macro   0x0000100e      0x14a ./Sources/dma.o
 .debug_macro   0x00001158       0x16 ./Sources/dma.o
 .debug_macro   0x0000116e      0x20f ./Sources/dma.o
 .debug_macro   0x0000137d       0x3a ./Sources/dma.o
 .debug_macro   0x000013b7       0x3a ./Sources/dma.o
 .debug_macro   0x000013f1       0x26 ./Sources/dma.o
 .debug_macro   0x00001417      0x306 ./Sources/dma.o
 .debug_macro   0x0000171d       0x63 ./Sources/dma.o
 .debug_macro   0x00001780     0x839f ./Sources/dma.o
 .debug_macro   0x00009b1f      0x17e ./Sources/ftoa.o
 .debug_macro   0x00009c9d      0x17e ./Sources/io.o
 .debug_macro   0x00009e1b      0x17e ./Sources/main.o
 .debug_macro   0x00009f99      0x17e ./Sources/profile.o
 .debug_macro   0x0000a117      0x17e ./Sources/uart.o
 .debug_macro   0x0000a295       0x7e ./Project_Settings/Startup_Code/system_MKL25Z4.o
 .debug_macro   0x0000a313       0x44 ./Project_Settings/Startup_Code/system_MKL25Z4.o
 .debug_macro   0x0000a357      0x209 ./Project_Settings/Startup_Code/system_MKL25Z4.o
 .debug_macro   0x0000a560       0x4c ./Project_Settings/Startup_Code/system_MKL25Z4.o

.debug_line     0x00000000     0x14a8
 .debug_line    0x00000000      0x31c ./Sources/dma.o
 .debug_line    0x0000031c      0x310 ./Sources/ftoa.o
 .debug_line    0x0000062c      0x2f0 ./Sources/io.o
 .debug_line    0x0000091c      0x2ac ./Sources/main.o
 .debug_line    0x00000bc8      0x311 ./Sources/profile.o
 .debug_line    0x00000ed9      0x314 ./Sources/uart.o
 .debug_line    0x000011ed       0x7b ./Project_Settings/Startup_Code/startup_MKL25Z4.o
 .debug_line    0x00001268      0x240 ./Project_Settings/Startup_Code/system_MKL25Z4.o

.debug_str      0x00000000    0x33dae
 .debug_str     0x00000000    0x33b42 ./Sources/dma.o
                              0x33fc0 (size before relaxing)
 .debug_str     0x00033b42       0x50 ./Sources/ftoa.o
                              0x33e01 (size before relaxing)
 .debug_str     0x00033b92       0x43 ./Sources/io.o
                              0x33e11 (size before relaxing)
 .debug_str     0x00033bd5       0x17 ./Sources/main.o
                              0x33dc8 (size before relaxing)
 .debug_str     0x00033bec       0xcc ./Sources/profile.o
                              0x33f7f (size before relaxing)
 .debug_str     0x00033cb8       0x5f ./Sources/uart.o
                              0x33f74 (size before relaxing)
 .debug_str     0x00033d17       0x97 ./Project_Settings/Startup_Code/system_MKL25Z4.o
                              0x31f19 (size before relaxing)

.comment        0x00000000       0x70
 .comment       0x00000000       0x70 ./Sources/dma.o
                                 0x71 (size before relaxing)
 .comment       0x00000000       0x71 ./Sources/ftoa.o
 .comment       0x00000000       0x71 ./Sources/io.o
 .comment       0x00000000       0x71 ./Sources/main.o
 .comment       0x00000000       0x71 ./Sources/profile.o
 .comment       0x00000000       0x71 ./Sources/uart.o
 .comment       0x00000000       0x71 ./Project_Settings/Startup_Code/system_MKL25Z4.o

.debug_frame    0x00000000      0x520
 .debug_frame   0x00000000       0xac ./Sources/dma.o
 .debug_frame   0x000000ac       0x90 ./Sources/ftoa.o
 .debug_frame   0x0000013c       0x70 ./Sources/io.o
 .debug_frame   0x000001ac       0x2c ./Sources/main.o
 .debug_frame   0x000001d8       0xc4 ./Sources/profile.o
 .debug_frame   0x0000029c       0xa4 ./Sources/uart.o
 .debug_frame   0x00000340       0x4c ./Project_Settings/Startup_Code/system_MKL25Z4.o
 .debug_frame   0x0000038c       0x20 c:/freescale/kds_v3/toolchain/bin/../lib/gcc/arm-none-eabi/4.8.4/armv6-m\libgcc.a(_divsi3.o)
 .debug_frame   0x000003ac       0x3c c:/freescale/kds_v3/toolchain/bin/../lib/gcc/arm-none-eabi/4.8.4/armv6-m\libgcc.a(mulsf3.o)
 .debug_frame   0x000003e8       0x30 c:/freescale/kds_v3/toolchain/bin/../lib/gcc/arm-none-eabi/4.8.4/armv6-m\libgcc.a(subsf3.o)
 .debug_frame   0x00000418       0x20 c:/freescale/kds_v3/toolchain/bin/../lib/gcc/arm-none-eabi/4.8.4/armv6-m\libgcc.a(fixsfsi.o)
 .debug_frame   0x00000438       0x2c c:/freescale/kds_v3/toolchain/bin/../lib/gcc/arm-none-eabi/4.8.4/armv6-m\libgcc.a(floatsisf.o)
 .debug_frame   0x00000464       0x28 c:/freescale/kds_v3/toolchain/bin/../lib/gcc/arm-none-eabi/4.8.4/armv6-m\libgcc.a(floatunsisf.o)
 .debug_frame   0x0000048c       0x28 c:/freescale/kds_v3/toolchain/bin/../lib/gcc/arm-none-eabi/4.8.4/../../../../arm-none-eabi/lib/armv6-m\libg_s.a(lib_a-exit.o)
 .debug_frame   0x000004b4       0x2c c:/freescale/kds_v3/toolchain/bin/../lib/gcc/arm-none-eabi/4.8.4/../../../../arm-none-eabi/lib/armv6-m\libg_s.a(lib_a-init.o)
 .debug_frame   0x000004e0       0x20 c:/freescale/kds_v3/toolchain/bin/../lib/gcc/arm-none-eabi/4.8.4/../../../../arm-none-eabi/lib/armv6-m\libg_s.a(lib_a-memset.o)
 .debug_frame   0x00000500       0x20 c:/freescale/kds_v3/toolchain/bin/../lib/gcc/arm-none-eabi/4.8.4/../../../../arm-none-eabi/lib/armv6-m\libnosys.a(_exit.o)
