Archive member included because of file (symbol)

c:/freescale/kds_v3/toolchain/bin/../lib/gcc/arm-none-eabi/4.8.4/armv6-m\libgcc.a(_udivsi3.o)
                              ./Project_Settings/Startup_Code/system_MKL25Z4.o (__aeabi_uidiv)
c:/freescale/kds_v3/toolchain/bin/../lib/gcc/arm-none-eabi/4.8.4/armv6-m\libgcc.a(_divsi3.o)
                              ./Sources/ftoa.o (__aeabi_idiv)
c:/freescale/kds_v3/toolchain/bin/../lib/gcc/arm-none-eabi/4.8.4/armv6-m\libgcc.a(_dvmd_tls.o)
                              c:/freescale/kds_v3/toolchain/bin/../lib/gcc/arm-none-eabi/4.8.4/armv6-m\libgcc.a(_udivsi3.o) (__aeabi_idiv0)
c:/freescale/kds_v3/toolchain/bin/../lib/gcc/arm-none-eabi/4.8.4/armv6-m\libgcc.a(_arm_cmpdf2.o)
                              ./Sources/adc.o (__aeabi_dcmpge)
c:/freescale/kds_v3/toolchain/bin/../lib/gcc/arm-none-eabi/4.8.4/armv6-m\libgcc.a(_arm_cmpsf2.o)
                              ./Sources/accelerometer.o (__aeabi_fcmplt)
c:/freescale/kds_v3/toolchain/bin/../lib/gcc/arm-none-eabi/4.8.4/armv6-m\libgcc.a(divsf3.o)
                              ./Sources/accelerometer.o (__aeabi_fdiv)
c:/freescale/kds_v3/toolchain/bin/../lib/gcc/arm-none-eabi/4.8.4/armv6-m\libgcc.a(eqsf2.o)
                              c:/freescale/kds_v3/toolchain/bin/../lib/gcc/arm-none-eabi/4.8.4/armv6-m\libgcc.a(_arm_cmpsf2.o) (__eqsf2)
c:/freescale/kds_v3/toolchain/bin/../lib/gcc/arm-none-eabi/4.8.4/armv6-m\libgcc.a(gesf2.o)
                              c:/freescale/kds_v3/toolchain/bin/../lib/gcc/arm-none-eabi/4.8.4/armv6-m\libgcc.a(_arm_cmpsf2.o) (__gesf2)
c:/freescale/kds_v3/toolchain/bin/../lib/gcc/arm-none-eabi/4.8.4/armv6-m\libgcc.a(lesf2.o)
                              c:/freescale/kds_v3/toolchain/bin/../lib/gcc/arm-none-eabi/4.8.4/armv6-m\libgcc.a(_arm_cmpsf2.o) (__lesf2)
c:/freescale/kds_v3/toolchain/bin/../lib/gcc/arm-none-eabi/4.8.4/armv6-m\libgcc.a(mulsf3.o)
                              ./Sources/ftoa.o (__aeabi_fmul)
c:/freescale/kds_v3/toolchain/bin/../lib/gcc/arm-none-eabi/4.8.4/armv6-m\libgcc.a(subsf3.o)
                              ./Sources/adc.o (__aeabi_fsub)
c:/freescale/kds_v3/toolchain/bin/../lib/gcc/arm-none-eabi/4.8.4/armv6-m\libgcc.a(fixsfsi.o)
                              ./Sources/ftoa.o (__aeabi_f2iz)
c:/freescale/kds_v3/toolchain/bin/../lib/gcc/arm-none-eabi/4.8.4/armv6-m\libgcc.a(floatsisf.o)
                              ./Sources/ftoa.o (__aeabi_i2f)
c:/freescale/kds_v3/toolchain/bin/../lib/gcc/arm-none-eabi/4.8.4/armv6-m\libgcc.a(floatunsisf.o)
                              ./Sources/accelerometer.o (__aeabi_ui2f)
c:/freescale/kds_v3/toolchain/bin/../lib/gcc/arm-none-eabi/4.8.4/armv6-m\libgcc.a(adddf3.o)
                              ./Sources/adc.o (__aeabi_dadd)
c:/freescale/kds_v3/toolchain/bin/../lib/gcc/arm-none-eabi/4.8.4/armv6-m\libgcc.a(divdf3.o)
                              ./Sources/adc.o (__aeabi_ddiv)
c:/freescale/kds_v3/toolchain/bin/../lib/gcc/arm-none-eabi/4.8.4/armv6-m\libgcc.a(eqdf2.o)
                              c:/freescale/kds_v3/toolchain/bin/../lib/gcc/arm-none-eabi/4.8.4/armv6-m\libgcc.a(_arm_cmpdf2.o) (__eqdf2)
c:/freescale/kds_v3/toolchain/bin/../lib/gcc/arm-none-eabi/4.8.4/armv6-m\libgcc.a(gedf2.o)
                              c:/freescale/kds_v3/toolchain/bin/../lib/gcc/arm-none-eabi/4.8.4/armv6-m\libgcc.a(_arm_cmpdf2.o) (__gedf2)
c:/freescale/kds_v3/toolchain/bin/../lib/gcc/arm-none-eabi/4.8.4/armv6-m\libgcc.a(ledf2.o)
                              c:/freescale/kds_v3/toolchain/bin/../lib/gcc/arm-none-eabi/4.8.4/armv6-m\libgcc.a(_arm_cmpdf2.o) (__ledf2)
c:/freescale/kds_v3/toolchain/bin/../lib/gcc/arm-none-eabi/4.8.4/armv6-m\libgcc.a(muldf3.o)
                              ./Sources/adc.o (__aeabi_dmul)
c:/freescale/kds_v3/toolchain/bin/../lib/gcc/arm-none-eabi/4.8.4/armv6-m\libgcc.a(subdf3.o)
                              ./Sources/adc.o (__aeabi_dsub)
c:/freescale/kds_v3/toolchain/bin/../lib/gcc/arm-none-eabi/4.8.4/armv6-m\libgcc.a(floatsidf.o)
                              ./Sources/adc.o (__aeabi_i2d)
c:/freescale/kds_v3/toolchain/bin/../lib/gcc/arm-none-eabi/4.8.4/armv6-m\libgcc.a(extendsfdf2.o)
                              ./Sources/adc.o (__aeabi_f2d)
c:/freescale/kds_v3/toolchain/bin/../lib/gcc/arm-none-eabi/4.8.4/armv6-m\libgcc.a(truncdfsf2.o)
                              ./Sources/adc.o (__aeabi_d2f)
c:/freescale/kds_v3/toolchain/bin/../lib/gcc/arm-none-eabi/4.8.4/armv6-m\libgcc.a(_clzsi2.o)
                              c:/freescale/kds_v3/toolchain/bin/../lib/gcc/arm-none-eabi/4.8.4/armv6-m\libgcc.a(divsf3.o) (__clzsi2)
c:/freescale/kds_v3/toolchain/bin/../lib/gcc/arm-none-eabi/4.8.4/../../../../arm-none-eabi/lib/armv6-m\libg_s.a(lib_a-exit.o)
                              c:/freescale/kds_v3/toolchain/bin/../lib/gcc/arm-none-eabi/4.8.4/../../../../arm-none-eabi/lib/armv6-m/crt0.o (exit)
c:/freescale/kds_v3/toolchain/bin/../lib/gcc/arm-none-eabi/4.8.4/../../../../arm-none-eabi/lib/armv6-m\libg_s.a(lib_a-impure.o)
[...]
Memory Configuration

Name             Origin             Length             Attributes
m_interrupts     0x00000000         0x00000100         xr
m_flash_config   0x00000400         0x00000010         xr
m_text           0x00000410         0x0001fbf0         xr
m_data           0x1ffff000         0x00004000         rw
*default*        0x00000000         0xffffffff

Linker script and memory map

LOAD c:/freescale/kds_v3/toolchain/bin/../lib/gcc/arm-none-eabi/4.8.4/armv6-m/crti.o
LOAD c:/freescale/kds_v3/toolchain/bin/../lib/gcc/arm-none-eabi/4.8.4/armv6-m/crtbegin.o
LOAD c:/freescale/kds_v3/toolchain/bin/../lib/gcc/arm-none-eabi/4.8.4/../../../../arm-none-eabi/lib/armv6-m/crt0.o
LOAD ./Sources/accelerometer.o
LOAD ./Sources/adc.o
LOAD ./Sources/color.o
LOAD ./Sources/delay.o
LOAD ./Sources/dma.o
LOAD ./Sources/ftoa.o
LOAD ./Sources/i2c.o
LOAD ./Sources/io.o
LOAD ./Sources/main.o
LOAD ./Sources/message.o
LOAD ./Sources/profile.o
LOAD ./Sources/pwm_inti.o
LOAD ./Sources/rtc.o
LOAD ./Sources/uart.o
LOAD ./Project_Settings/Startup_Code/startup_MKL25Z4.o
LOAD ./Project_Settings/Startup_Code/system_MKL25Z4.o
LOAD c:/freescale/kds_v3/toolchain/bin/../lib/gcc/arm-none-eabi/4.8.4/../../../../arm-none-eabi/lib/armv6-m\libstdc++_s.a
LOAD c:/freescale/kds_v3/toolchain/bin/../lib/gcc/arm-none-eabi/4.8.4/../../../../arm-none-eabi/lib/armv6-m\libm.a
START GROUP
LOAD c:/freescale/kds_v3/toolchain/bin/../lib/gcc/arm-none-eabi/4.8.4/armv6-m\libgcc.a
LOAD c:/freescale/kds_v3/toolchain/bin/../lib/gcc/arm-none-eabi/4.8.4/../../../../arm-none-eabi/lib/armv6-m\libg_s.a
LOAD c:/freescale/kds_v3/toolchain/bin/../lib/gcc/arm-none-eabi/4.8.4/../../../../arm-none-eabi/lib/armv6-m\libc_s.a
END GROUP
START GROUP
LOAD c:/freescale/kds_v3/toolchain/bin/../lib/gcc/arm-none-eabi/4.8.4/armv6-m\libgcc.a
LOAD c:/freescale/kds_v3/toolchain/bin/../lib/gcc/arm-none-eabi/4.8.4/../../../../arm-none-eabi/lib/armv6-m\libc_s.a
LOAD c:/freescale/kds_v3/toolchain/bin/../lib/gcc/arm-none-eabi/4.8.4/../../../../arm-none-eabi/lib/armv6-m\libnosys.a
END GROUP
START GROUP
LOAD c:/freescale/kds_v3/toolchain/bin/../lib/gcc/arm-none-eabi/4.8.4/armv6-m\libgcc.a
LOAD c:/freescale/kds_v3/toolchain/bin/../lib/gcc/arm-none-eabi/4.8.4/../../../../arm-none-eabi/lib/armv6-m\libc_s.a
LOAD c:/freescale/kds_v3/toolchain/bin/../lib/gcc/arm-none-eabi/4.8.4/../../../../arm-none-eabi/lib/armv6-m\libnosys.a
END GROUP
LOAD c:/freescale/kds_v3/toolchain/bin/../lib/gcc/arm-none-eabi/4.8.4/armv6-m/crtend.o
LOAD c:/freescale/kds_v3/toolchain/bin/../lib/gcc/arm-none-eabi/4.8.4/armv6-m/crtn.o
                0x00000400                HEAP_SIZE = DEFINED (__heap_size__)?__heap_size__:0x400
                0x00000400                STACK_SIZE = DEFINED (__stack_size__)?__stack_size__:0x400

.interrupts     0x00000000       0xc0
                0x00000000                __VECTOR_TABLE = .
                0x00000000                . = ALIGN (0x4)
 *(.isr_vector)
 .isr_vector    0x00000000       0xc0 ./Project_Settings/Startup_Code/startup_MKL25Z4.o
                0x00000000                __isr_vector
                0x000000c0                . = ALIGN (0x4)

.flash_config   0x00000400       0x10
                0x00000400                . = ALIGN (0x4)
 *(.FlashConfig)
 .FlashConfig   0x00000400       0x10 ./Project_Settings/Startup_Code/startup_MKL25Z4.o
                0x00000410                . = ALIGN (0x4)

.text           0x00000410      0x810
                0x00000410                . = ALIGN (0x4)
 *(.text)
 .text          0x00000410       0x60 c:/freescale/kds_v3/toolchain/bin/../lib/gcc/arm-none-eabi/4.8.4/armv6-m/crtbegin.o
 .text          0x00000470       0x78 c:/freescale/kds_v3/toolchain/bin/../lib/gcc/arm-none-eabi/4.8.4/../../../../arm-none-eabi/lib/armv6-m/crt0.o
                0x00000470                _start
                0x00000470                _mainCRTStartup
 .text          0x000004e8       0x34 ./Project_Settings/Startup_Code/startup_MKL25Z4.o
                0x000004e8                Reset_Handler
                0x00000514                HardFault_Handler
                0x00000514                SysTick_Handler
                0x00000514                PendSV_Handler
                0x00000514                NMI_Handler
                0x00000514                I2C1_IRQHandler
                0x00000514                UART1_IRQHandler
                0x00000514                DMA2_IRQHandler
                0x00000514                TPM0_IRQHandler
                0x00000514                LLWU_IRQHandler
                0x00000514                TSI0_IRQHandler
                0x00000514                UART0_IRQHandler
                0x00000514                ADC0_IRQHandler
                0x00000514                Reserved39_IRQHandler
                0x00000514                SPI1_IRQHandler
                0x00000514                DefaultISR
                0x00000514                PORTD_IRQHandler
                0x00000514                TPM2_IRQHandler
                0x00000514                RTC_IRQHandler
                0x00000514                I2C0_IRQHandler
                0x00000514                MCG_IRQHandler
                0x00000514                UART2_IRQHandler
                0x00000514                Reserved20_IRQHandler
                0x00000514                USB0_IRQHandler
                0x00000514                PIT_IRQHandler
                0x00000514                SVC_Handler
                0x00000514                DMA3_IRQHandler
                0x00000514                DAC0_IRQHandler
                0x00000514                Reserved45_IRQHandler
                0x00000514                TPM1_IRQHandler
                0x00000514                LVD_LVW_IRQHandler
                0x00000514                SPI0_IRQHandler
                0x00000514                FTFA_IRQHandler
                0x00000514                LPTMR0_IRQHandler
                0x00000514                CMP0_IRQHandler
                0x00000514                DMA1_IRQHandler
 *(.text*)
 .text.PORTA_IRQHandler
                0x0000051c       0x30 ./Sources/accelerometer.o
                0x0000051c                PORTA_IRQHandler
 .text.DMA0_IRQHandler
                0x0000054c       0x40 ./Sources/dma.o
                0x0000054c                DMA0_IRQHandler
 .text.send_data
                0x0000058c       0x30 ./Sources/io.o
                0x0000058c                send_data
 .text.main     0x000005bc       0x2c ./Sources/main.o
                0x000005bc                main
 .text.NVIC_EnableIRQ
                0x000005e8       0x2c ./Sources/rtc.o
 .text.Clock_Configuration
                0x00000614       0xb4 ./Sources/rtc.o
                0x00000614                Clock_Configuration
 .text.rtc_init
                0x000006c8       0x78 ./Sources/rtc.o
                0x000006c8                rtc_init
 .text.hex_to_ascii
                0x00000740       0xe0 ./Sources/rtc.o
                0x00000740                hex_to_ascii
 .text.rtc_start
                0x00000820       0x10 ./Sources/rtc.o
                0x00000820                rtc_start
 .text.print_rtc
                0x00000830       0x94 ./Sources/rtc.o
                0x00000830                print_rtc
 .text.RTC_Seconds_IRQHandler
                0x000008c4       0x64 ./Sources/rtc.o
                0x000008c4                RTC_Seconds_IRQHandler
 .text.uart0_init
                0x00000928       0x44 ./Sources/uart.o
                0x00000928                uart0_init
 .text.uart0_tx
                0x0000096c       0x60 ./Sources/uart.o
                0x0000096c                uart0_tx
 .text.uart0_rx
                0x000009cc       0x70 ./Sources/uart.o
                0x000009cc                uart0_rx
 .text.print_stringl
                0x00000a3c       0x40 ./Sources/uart.o
                0x00000a3c                print_stringl
 .text.print_string
                0x00000a7c       0x34 ./Sources/uart.o
                0x00000a7c                print_string
 .text.SystemInit
                0x00000ab0       0x18 ./Project_Settings/Startup_Code/system_MKL25Z4.o
                0x00000ab0                SystemInit
 .text.exit     0x00000ac8       0x2c c:/freescale/kds_v3/toolchain/bin/../lib/gcc/arm-none-eabi/4.8.4/../../../../arm-none-eabi/lib/armv6-m\libg_s.a(lib_a-exit.o)
                0x00000ac8                exit
 .text.__libc_init_array
                0x00000af4       0x4c c:/freescale/kds_v3/toolchain/bin/../lib/gcc/arm-none-eabi/4.8.4/../../../../arm-none-eabi/lib/armv6-m\libg_s.a(lib_a-init.o)
                0x00000af4                __libc_init_array
 .text.memset   0x00000b40       0x10 c:/freescale/kds_v3/toolchain/bin/../lib/gcc/arm-none-eabi/4.8.4/../../../../arm-none-eabi/lib/armv6-m\libg_s.a(lib_a-memset.o)
                0x00000b40                memset
 .text._exit    0x00000b50        0x4 c:/freescale/kds_v3/toolchain/bin/../lib/gcc/arm-none-eabi/4.8.4/../../../../arm-none-eabi/lib/armv6-m\libnosys.a(_exit.o)
                0x00000b50                _exit
 *(.rodata)
 .rodata        0x00000b54       0x8c ./Sources/accelerometer.o
 .rodata        0x00000be0       0x18 ./Sources/dma.o
 .rodata        0x00000bf8        0x8 ./Sources/rtc.o
 *(.rodata*)
 .rodata.str1.1
                0x00000c00        0x2 c:/freescale/kds_v3/toolchain/bin/../lib/gcc/arm-none-eabi/4.8.4/../../../../arm-none-eabi/lib/armv6-m\libg_s.a(lib_a-impure.o)
 *fill*         0x00000c02        0x2 
 .rodata._global_impure_ptr
                0x00000c04        0x4 c:/freescale/kds_v3/toolchain/bin/../lib/gcc/arm-none-eabi/4.8.4/../../../../arm-none-eabi/lib/armv6-m\libg_s.a(lib_a-impure.o)
                0x00000c04                _global_impure_ptr
 *(.glue_7)
 .glue_7        0x00000000        0x0 linker stubs
 *(.glue_7t)
 .glue_7t       0x00000000        0x0 linker stubs
 *(.eh_frame)
 .eh_frame      0x00000c08        0x0 c:/freescale/kds_v3/toolchain/bin/../lib/gcc/arm-none-eabi/4.8.4/armv6-m/crtbegin.o
 *(.init)
 .init          0x00000c08        0x4 c:/freescale/kds_v3/toolchain/bin/../lib/gcc/arm-none-eabi/4.8.4/armv6-m/crti.o
                0x00000c08                _init
 .init          0x00000c0c        0x8 c:/freescale/kds_v3/toolchain/bin/../lib/gcc/arm-none-eabi/4.8.4/armv6-m/crtn.o
 *(.fini)
 .fini          0x00000c14        0x4 c:/freescale/kds_v3/toolchain/bin/../lib/gcc/arm-none-eabi/4.8.4/armv6-m/crti.o
                0x00000c14                _fini
 .fini          0x00000c18        0x8 c:/freescale/kds_v3/toolchain/bin/../lib/gcc/arm-none-eabi/4.8.4/armv6-m/crtn.o
                0x00000c20                . = ALIGN (0x4)

.vfp11_veneer   0x00000c20        0x0
 .vfp11_veneer  0x00000000        0x0 linker stubs

.v4_bx          0x00000c20        0x0
 .v4_bx         0x00000000        0x0 linker stubs

.iplt           0x00000c20        0x0
 .iplt          0x00000000        0x0 c:/freescale/kds_v3/toolchain/bin/../lib/gcc/arm-none-eabi/4.8.4/armv6-m/crtbegin.o

.ARM.extab
 *(.ARM.extab* .gnu.linkonce.armextab.*)

.ARM            0x00000c20        0x8
                0x00000c20                __exidx_start = .
 *(.ARM.exidx*)
 .ARM.exidx     0x00000c20        0x8 c:/freescale/kds_v3/toolchain/bin/../lib/gcc/arm-none-eabi/4.8.4/../../../../arm-none-eabi/lib/armv6-m/crt0.o
                0x00000c28                __exidx_end = .

.rel.dyn        0x00000c28        0x0
 .rel.iplt      0x00000000        0x0 c:/freescale/kds_v3/toolchain/bin/../lib/gcc/arm-none-eabi/4.8.4/armv6-m/crtbegin.o

.ctors          0x00000c28        0x0
                0x00000c28                __CTOR_LIST__ = .
 *crtbegin.o(.ctors)
 *crtbegin?.o(.ctors)
 *(EXCLUDE_FILE(*crtend.o *crtend?.o) .ctors)
 *(SORT(.ctors.*))
 *(.ctors)
                0x00000c28                __CTOR_END__ = .

.dtors          0x00000c28        0x0
                0x00000c28                __DTOR_LIST__ = .
 *crtbegin.o(.dtors)
 *crtbegin?.o(.dtors)
 *(EXCLUDE_FILE(*crtend.o *crtend?.o) .dtors)
 *(SORT(.dtors.*))
 *(.dtors)
                0x00000c28                __DTOR_END__ = .

.preinit_array  0x00000c28        0x0
                0x00000c28                PROVIDE (__preinit_array_start, .)
 *(.preinit_array*)
                0x00000c28                PROVIDE (__preinit_array_end, .)

.init_array     0x00000c28        0x4
                0x00000c28                PROVIDE (__init_array_start, .)
 *(SORT(.init_array.*))
 *(.init_array*)
 .init_array    0x00000c28        0x4 c:/freescale/kds_v3/toolchain/bin/../lib/gcc/arm-none-eabi/4.8.4/armv6-m/crtbegin.o
                0x00000c2c                PROVIDE (__init_array_end, .)

.fini_array     0x00000c2c        0x4
                0x00000c2c                PROVIDE (__fini_array_start, .)
 *(SORT(.fini_array.*))
 *(.fini_array*)
 .fini_array    0x00000c2c        0x4 c:/freescale/kds_v3/toolchain/bin/../lib/gcc/arm-none-eabi/4.8.4/armv6-m/crtbegin.o
                0x00000c30                PROVIDE (__fini_array_end, .)
                0x00000c30                __etext = .
                0x00000c30                __DATA_ROM = .

.mtb            0x1ffff000        0x0
                0x1ffff000                . = ALIGN (0x8)
                0x1ffff000                _mtb_start = .
 *(.mtb_buf)
                0x1ffff000                . = ALIGN (0x8)
                0x1ffff000                _mtb_end = .

.data           0x1ffff000       0x64 load address 0x00000c30
                0x1ffff000                . = ALIGN (0x4)
                0x1ffff000                __DATA_RAM = .
                0x1ffff000                __data_start__ = .
 *(.data)
 *(.data*)
 .data.impure_data
                0x1ffff000       0x60 c:/freescale/kds_v3/toolchain/bin/../lib/gcc/arm-none-eabi/4.8.4/../../../../arm-none-eabi/lib/armv6-m\libg_s.a(lib_a-impure.o)
 *(.jcr*)
 .jcr           0x1ffff060        0x0 c:/freescale/kds_v3/toolchain/bin/../lib/gcc/arm-none-eabi/4.8.4/armv6-m/crtbegin.o
 .jcr           0x1ffff060        0x4 c:/freescale/kds_v3/toolchain/bin/../lib/gcc/arm-none-eabi/4.8.4/armv6-m/crtend.o
                0x1ffff064                . = ALIGN (0x4)
                0x1ffff064                __data_end__ = .
                0x00000c94                __DATA_END = (__DATA_ROM + (__data_end__ - __data_start__))

.igot.plt       0x1ffff064        0x0 load address 0x00000c94
 .igot.plt      0x00000000        0x0 c:/freescale/kds_v3/toolchain/bin/../lib/gcc/arm-none-eabi/4.8.4/armv6-m/crtbegin.o

.bss            0x1ffff064       0x60 load address 0x00000c94
                0x1ffff064                . = ALIGN (0x4)
                0x1ffff064                __START_BSS = .
                0x1ffff064                __bss_start__ = .
 *(.bss)
 .bss           0x1ffff064       0x1c c:/freescale/kds_v3/toolchain/bin/../lib/gcc/arm-none-eabi/4.8.4/armv6-m/crtbegin.o
 *(.bss*)
 *(COMMON)
 COMMON         0x1ffff080       0x43 ./Sources/accelerometer.o
                0x1ffff080                message_functions_ptr
                0x1ffff084                Zoffset
                0x1ffff085                Test
                0x1ffff088                AccData
                0x1ffff08e                Xout_14_bit
                0x1ffff090                Zout_g
                0x1ffff094                minutes_rtc
                0x1ffff098                Xout_14_bit_in_ascii
                0x1ffff09c                ptr_test_accelerometer
                0x1ffff0a0                Yout_14_bit_in_ascii
                0x1ffff0a1                DataReady
                0x1ffff0a4                Yout_g
                0x1ffff0a8                Zout_14_bit
                0x1ffff0ac                ptr_temp_calc
                0x1ffff0b0                Yout_14_bit
                0x1ffff0b4                Xout_g
                0x1ffff0b8                interrupt_rtc
                0x1ffff0bc                seconds_rtc
                0x1ffff0c0                Yoffset
                0x1ffff0c1                Zout_14_bit_in_ascii
                0x1ffff0c2                Xoffset
                0x1ffff0c4                . = ALIGN (0x4)
 *fill*         0x1ffff0c3        0x1 
                0x1ffff0c4                __bss_end__ = .
                0x1ffff0c4                __END_BSS = .

.heap           0x1ffff0c4      0x404 load address 0x00000cf4
                0x1ffff0c8                . = ALIGN (0x8)
 *fill*         0x1ffff0c4        0x4 
                0x1ffff0c8                __end__ = .
                0x1ffff0c8                PROVIDE (end, .)
                0x1ffff0c8                __HeapBase = .
                0x1ffff4c8                . = (. + HEAP_SIZE)
 *fill*         0x1ffff0c8      0x400 
                0x1ffff4c8                __HeapLimit = .

.stack          0x1ffff4c8      0x400 load address 0x000010f8
                0x1ffff4c8                . = ALIGN (0x8)
                0x1ffff8c8                . = (. + STACK_SIZE)
 *fill*         0x1ffff4c8      0x400 
                0x20003000                __StackTop = (ORIGIN (m_data) + 0x4000)
                0x20002c00                __StackLimit = (__StackTop - STACK_SIZE)
                0x20003000                PROVIDE (__stack, __StackTop)

.ARM.attributes
                0x00000000       0x28
 *(.ARM.attributes)
 .ARM.attributes
                0x00000000       0x1e c:/freescale/kds_v3/toolchain/bin/../lib/gcc/arm-none-eabi/4.8.4/armv6-m/crti.o
 .ARM.attributes
                0x0000001e       0x2c c:/freescale/kds_v3/toolchain/bin/../lib/gcc/arm-none-eabi/4.8.4/armv6-m/crtbegin.o
 .ARM.attributes
                0x0000004a       0x1b c:/freescale/kds_v3/toolchain/bin/../lib/gcc/arm-none-eabi/4.8.4/../../../../arm-none-eabi/lib/armv6-m/crt0.o
 .ARM.attributes
                0x00000065       0x32 ./Sources/accelerometer.o
 .ARM.attributes
                0x00000097       0x32 ./Sources/dma.o
 .ARM.attributes
                0x000000c9       0x32 ./Sources/io.o
 .ARM.attributes
                0x000000fb       0x32 ./Sources/main.o
 .ARM.attributes
                0x0000012d       0x32 ./Sources/rtc.o
 .ARM.attributes
                0x0000015f       0x32 ./Sources/uart.o
 .ARM.attributes
                0x00000191       0x1b ./Project_Settings/Startup_Code/startup_MKL25Z4.o
 .ARM.attributes
                0x000001ac       0x32 ./Project_Settings/Startup_Code/system_MKL25Z4.o
 .ARM.attributes
                0x000001de       0x2c c:/freescale/kds_v3/toolchain/bin/../lib/gcc/arm-none-eabi/4.8.4/../../../../arm-none-eabi/lib/armv6-m\libg_s.a(lib_a-exit.o)
 .ARM.attributes
                0x0000020a       0x2c c:/freescale/kds_v3/toolchain/bin/../lib/gcc/arm-none-eabi/4.8.4/../../../../arm-none-eabi/lib/armv6-m\libg_s.a(lib_a-impure.o)
 .ARM.attributes
                0x00000236       0x2c c:/freescale/kds_v3/toolchain/bin/../lib/gcc/arm-none-eabi/4.8.4/../../../../arm-none-eabi/lib/armv6-m\libg_s.a(lib_a-init.o)
 .ARM.attributes
                0x00000262       0x2c c:/freescale/kds_v3/toolchain/bin/../lib/gcc/arm-none-eabi/4.8.4/../../../../arm-none-eabi/lib/armv6-m\libg_s.a(lib_a-memset.o)
 .ARM.attributes
                0x0000028e       0x2c c:/freescale/kds_v3/toolchain/bin/../lib/gcc/arm-none-eabi/4.8.4/../../../../arm-none-eabi/lib/armv6-m\libnosys.a(_exit.o)
 .ARM.attributes
                0x000002ba       0x2c c:/freescale/kds_v3/toolchain/bin/../lib/gcc/arm-none-eabi/4.8.4/armv6-m/crtend.o
 .ARM.attributes
                0x000002e6       0x1e c:/freescale/kds_v3/toolchain/bin/../lib/gcc/arm-none-eabi/4.8.4/armv6-m/crtn.o
                0x00000001                ASSERT ((__StackLimit >= __HeapLimit), region m_data overflowed with stack and heap)
OUTPUT(spi_project.elf elf32-littlearm)

.debug_info     0x00000000     0x2a52
 .debug_info    0x00000000      0x61b ./Sources/accelerometer.o
 .debug_info    0x0000061b      0x726 ./Sources/dma.o
 .debug_info    0x00000d41      0x4b2 ./Sources/io.o
 .debug_info    0x000011f3      0x2c7 ./Sources/main.o
 .debug_info    0x000014ba      0xa0a ./Sources/rtc.o
 .debug_info    0x00001ec4      0x706 ./Sources/uart.o
 .debug_info    0x000025ca       0x9b ./Project_Settings/Startup_Code/startup_MKL25Z4.o
 .debug_info    0x00002665      0x3ed ./Project_Settings/Startup_Code/system_MKL25Z4.o

.debug_abbrev   0x00000000      0x9ea
 .debug_abbrev  0x00000000      0x174 ./Sources/accelerometer.o
 .debug_abbrev  0x00000174      0x1a1 ./Sources/dma.o
 .debug_abbrev  0x00000315      0x166 ./Sources/io.o
 .debug_abbrev  0x0000047b       0xf5 ./Sources/main.o
 .debug_abbrev  0x00000570      0x1f9 ./Sources/rtc.o
 .debug_abbrev  0x00000769      0x164 ./Sources/uart.o
 .debug_abbrev  0x000008cd       0x14 ./Project_Settings/Startup_Code/startup_MKL25Z4.o
 .debug_abbrev  0x000008e1      0x109 ./Project_Settings/Startup_Code/system_MKL25Z4.o

.debug_aranges  0x00000000      0x1c8
 .debug_aranges
                0x00000000       0x40 ./Sources/accelerometer.o
 .debug_aranges
                0x00000040       0x30 ./Sources/dma.o
 .debug_aranges
                0x00000070       0x48 ./Sources/io.o
 .debug_aranges
                0x000000b8       0x20 ./Sources/main.o
 .debug_aranges
                0x000000d8       0x50 ./Sources/rtc.o
 .debug_aranges
                0x00000128       0x58 ./Sources/uart.o
 .debug_aranges
                0x00000180       0x20 ./Project_Settings/Startup_Code/startup_MKL25Z4.o
 .debug_aranges
                0x000001a0       0x28 ./Project_Settings/Startup_Code/system_MKL25Z4.o

.debug_ranges   0x00000000      0x138
 .debug_ranges  0x00000000       0x30 ./Sources/accelerometer.o
 .debug_ranges  0x00000030       0x20 ./Sources/dma.o
 .debug_ranges  0x00000050       0x38 ./Sources/io.o
 .debug_ranges  0x00000088       0x10 ./Sources/main.o
 .debug_ranges  0x00000098       0x40 ./Sources/rtc.o
 .debug_ranges  0x000000d8       0x48 ./Sources/uart.o
 .debug_ranges  0x00000120       0x18 ./Project_Settings/Startup_Code/system_MKL25Z4.o

.debug_macro    0x00000000     0xa769
 .debug_macro   0x00000000      0x1e0 ./Sources/accelerometer.o
 .debug_macro   0x000001e0      0x802 ./Sources/accelerometer.o
 .debug_macro   0x000009e2       0x16 ./Sources/accelerometer.o
 .debug_macro   0x000009f8       0x58 ./Sources/accelerometer.o
 .debug_macro   0x00000a50       0x16 ./Sources/accelerometer.o
 .debug_macro   0x00000a66       0x35 ./Sources/accelerometer.o
 .debug_macro   0x00000a9b       0xa3 ./Sources/accelerometer.o
 .debug_macro   0x00000b3e       0x16 ./Sources/accelerometer.o
 .debug_macro   0x00000b54       0x97 ./Sources/accelerometer.o
 .debug_macro   0x00000beb       0x10 ./Sources/accelerometer.o
 .debug_macro   0x00000bfb       0xef ./Sources/accelerometer.o
 .debug_macro   0x00000cea       0x4a ./Sources/accelerometer.o
 .debug_macro   0x00000d34       0x52 ./Sources/accelerometer.o
 .debug_macro   0x00000d86       0x16 ./Sources/accelerometer.o
 .debug_macro   0x00000d9c       0x43 ./Sources/accelerometer.o
 .debug_macro   0x00000ddf      0x180 ./Sources/accelerometer.o
 .debug_macro   0x00000f5f       0x10 ./Sources/accelerometer.o
 .debug_macro   0x00000f6f       0x22 ./Sources/accelerometer.o
 .debug_macro   0x00000f91       0xbd ./Sources/accelerometer.o
 .debug_macro   0x0000104e       0x16 ./Sources/accelerometer.o
 .debug_macro   0x00001064      0x14a ./Sources/accelerometer.o
 .debug_macro   0x000011ae       0x16 ./Sources/accelerometer.o
 .debug_macro   0x000011c4      0x20f ./Sources/accelerometer.o
 .debug_macro   0x000013d3       0x3a ./Sources/accelerometer.o
 .debug_macro   0x0000140d       0x3a ./Sources/accelerometer.o
 .debug_macro   0x00001447       0x26 ./Sources/accelerometer.o
 .debug_macro   0x0000146d      0x306 ./Sources/accelerometer.o
 .debug_macro   0x00001773       0x63 ./Sources/accelerometer.o
 .debug_macro   0x000017d6     0x839f ./Sources/accelerometer.o
 .debug_macro   0x00009b75       0x10 ./Sources/accelerometer.o
 .debug_macro   0x00009b85       0x2e ./Sources/accelerometer.o
 .debug_macro   0x00009bb3      0x11e ./Sources/accelerometer.o
 .debug_macro   0x00009cd1       0x58 ./Sources/accelerometer.o
 .debug_macro   0x00009d29      0x1e6 ./Sources/dma.o
 .debug_macro   0x00009f0f      0x1e0 ./Sources/io.o
 .debug_macro   0x0000a0ef      0x1e0 ./Sources/main.o
 .debug_macro   0x0000a2cf      0x1f0 ./Sources/rtc.o
 .debug_macro   0x0000a4bf      0x1e0 ./Sources/uart.o
 .debug_macro   0x0000a69f       0x7e ./Project_Settings/Startup_Code/system_MKL25Z4.o
 .debug_macro   0x0000a71d       0x4c ./Project_Settings/Startup_Code/system_MKL25Z4.o

.debug_line     0x00000000     0x17cd
 .debug_line    0x00000000      0x39a ./Sources/accelerometer.o
 .debug_line    0x0000039a      0x352 ./Sources/dma.o
 .debug_line    0x000006ec      0x39d ./Sources/io.o
 .debug_line    0x00000a89      0x319 ./Sources/main.o
 .debug_line    0x00000da2      0x3b3 ./Sources/rtc.o
 .debug_line    0x00001155      0x3bd ./Sources/uart.o
 .debug_line    0x00001512       0x7b ./Project_Settings/Startup_Code/startup_MKL25Z4.o
 .debug_line    0x0000158d      0x240 ./Project_Settings/Startup_Code/system_MKL25Z4.o

.debug_str      0x00000000    0x3474f
 .debug_str     0x00000000    0x34286 ./Sources/accelerometer.o
                              0x3471b (size before relaxing)
 .debug_str     0x00034286       0xd9 ./Sources/dma.o
                              0x34759 (size before relaxing)
 .debug_str     0x0003435f       0x84 ./Sources/io.o
                              0x34625 (size before relaxing)
 .debug_str     0x000343e3       0x2e ./Sources/main.o
                              0x345c4 (size before relaxing)
 .debug_str     0x00034411      0x266 ./Sources/rtc.o
                              0x3497d (size before relaxing)
 .debug_str     0x00034677       0x61 ./Sources/uart.o
                              0x3471f (size before relaxing)
 .debug_str     0x000346d8       0x77 ./Project_Settings/Startup_Code/system_MKL25Z4.o
                              0x31f19 (size before relaxing)

.comment        0x00000000       0x70
 .comment       0x00000000       0x70 ./Sources/accelerometer.o
                                 0x71 (size before relaxing)
 .comment       0x00000000       0x71 ./Sources/dma.o
 .comment       0x00000000       0x71 ./Sources/io.o
 .comment       0x00000000       0x71 ./Sources/main.o
 .comment       0x00000000       0x71 ./Sources/rtc.o
 .comment       0x00000000       0x71 ./Sources/uart.o
 .comment       0x00000000       0x71 ./Project_Settings/Startup_Code/system_MKL25Z4.o

.debug_frame    0x00000000      0x4c0
 .debug_frame   0x00000000       0xa4 ./Sources/accelerometer.o
 .debug_frame   0x000000a4       0x6c ./Sources/dma.o
 .debug_frame   0x00000110       0xcc ./Sources/io.o
 .debug_frame   0x000001dc       0x2c ./Sources/main.o
 .debug_frame   0x00000208       0xe0 ./Sources/rtc.o
 .debug_frame   0x000002e8       0xf8 ./Sources/uart.o
 .debug_frame   0x000003e0       0x4c ./Project_Settings/Startup_Code/system_MKL25Z4.o
 .debug_frame   0x0000042c       0x28 c:/freescale/kds_v3/toolchain/bin/../lib/gcc/arm-none-eabi/4.8.4/../../../../arm-none-eabi/lib/armv6-m\libg_s.a(lib_a-exit.o)
 .debug_frame   0x00000454       0x2c c:/freescale/kds_v3/toolchain/bin/../lib/gcc/arm-none-eabi/4.8.4/../../../../arm-none-eabi/lib/armv6-m\libg_s.a(lib_a-init.o)
 .debug_frame   0x00000480       0x20 c:/freescale/kds_v3/toolchain/bin/../lib/gcc/arm-none-eabi/4.8.4/../../../../arm-none-eabi/lib/armv6-m\libg_s.a(lib_a-memset.o)
 .debug_frame   0x000004a0       0x20 c:/freescale/kds_v3/toolchain/bin/../lib/gcc/arm-none-eabi/4.8.4/../../../../arm-none-eabi/lib/armv6-m\libnosys.a(_exit.o)
