Archive member included because of file (symbol)

c:/freescale/kds_v3/toolchain/bin/../lib/gcc/arm-none-eabi/4.8.4/armv6-m\libgcc.a(_udivsi3.o)
                              ./Project_Settings/Startup_Code/system_MKL25Z4.o (__aeabi_uidiv)
c:/freescale/kds_v3/toolchain/bin/../lib/gcc/arm-none-eabi/4.8.4/armv6-m\libgcc.a(_divsi3.o)
                              ./Sources/ftoa.o (__aeabi_idiv)
c:/freescale/kds_v3/toolchain/bin/../lib/gcc/arm-none-eabi/4.8.4/armv6-m\libgcc.a(_dvmd_tls.o)
                              c:/freescale/kds_v3/toolchain/bin/../lib/gcc/arm-none-eabi/4.8.4/armv6-m\libgcc.a(_udivsi3.o) (__aeabi_idiv0)
c:/freescale/kds_v3/toolchain/bin/../lib/gcc/arm-none-eabi/4.8.4/armv6-m\libgcc.a(_arm_cmpdf2.o)
                              ./Sources/adc.o (__aeabi_dcmpge)
c:/freescale/kds_v3/toolchain/bin/../lib/gcc/arm-none-eabi/4.8.4/armv6-m\libgcc.a(_arm_cmpsf2.o)
                              ./Sources/accelerometer.o (__aeabi_fcmplt)
c:/freescale/kds_v3/toolchain/bin/../lib/gcc/arm-none-eabi/4.8.4/armv6-m\libgcc.a(divsf3.o)
                              ./Sources/accelerometer.o (__aeabi_fdiv)
c:/freescale/kds_v3/toolchain/bin/../lib/gcc/arm-none-eabi/4.8.4/armv6-m\libgcc.a(eqsf2.o)
                              c:/freescale/kds_v3/toolchain/bin/../lib/gcc/arm-none-eabi/4.8.4/armv6-m\libgcc.a(_arm_cmpsf2.o) (__eqsf2)
c:/freescale/kds_v3/toolchain/bin/../lib/gcc/arm-none-eabi/4.8.4/armv6-m\libgcc.a(gesf2.o)
                              c:/freescale/kds_v3/toolchain/bin/../lib/gcc/arm-none-eabi/4.8.4/armv6-m\libgcc.a(_arm_cmpsf2.o) (__gesf2)
c:/freescale/kds_v3/toolchain/bin/../lib/gcc/arm-none-eabi/4.8.4/armv6-m\libgcc.a(lesf2.o)
                              c:/freescale/kds_v3/toolchain/bin/../lib/gcc/arm-none-eabi/4.8.4/armv6-m\libgcc.a(_arm_cmpsf2.o) (__lesf2)
c:/freescale/kds_v3/toolchain/bin/../lib/gcc/arm-none-eabi/4.8.4/armv6-m\libgcc.a(mulsf3.o)
                              ./Sources/ftoa.o (__aeabi_fmul)
c:/freescale/kds_v3/toolchain/bin/../lib/gcc/arm-none-eabi/4.8.4/armv6-m\libgcc.a(subsf3.o)
                              ./Sources/adc.o (__aeabi_fsub)
c:/freescale/kds_v3/toolchain/bin/../lib/gcc/arm-none-eabi/4.8.4/armv6-m\libgcc.a(fixsfsi.o)
                              ./Sources/ftoa.o (__aeabi_f2iz)
c:/freescale/kds_v3/toolchain/bin/../lib/gcc/arm-none-eabi/4.8.4/armv6-m\libgcc.a(floatsisf.o)
                              ./Sources/ftoa.o (__aeabi_i2f)
c:/freescale/kds_v3/toolchain/bin/../lib/gcc/arm-none-eabi/4.8.4/armv6-m\libgcc.a(floatunsisf.o)
                              ./Sources/accelerometer.o (__aeabi_ui2f)
c:/freescale/kds_v3/toolchain/bin/../lib/gcc/arm-none-eabi/4.8.4/armv6-m\libgcc.a(adddf3.o)
                              ./Sources/adc.o (__aeabi_dadd)
c:/freescale/kds_v3/toolchain/bin/../lib/gcc/arm-none-eabi/4.8.4/armv6-m\libgcc.a(divdf3.o)
                              ./Sources/adc.o (__aeabi_ddiv)
c:/freescale/kds_v3/toolchain/bin/../lib/gcc/arm-none-eabi/4.8.4/armv6-m\libgcc.a(eqdf2.o)
                              c:/freescale/kds_v3/toolchain/bin/../lib/gcc/arm-none-eabi/4.8.4/armv6-m\libgcc.a(_arm_cmpdf2.o) (__eqdf2)
c:/freescale/kds_v3/toolchain/bin/../lib/gcc/arm-none-eabi/4.8.4/armv6-m\libgcc.a(gedf2.o)
                              c:/freescale/kds_v3/toolchain/bin/../lib/gcc/arm-none-eabi/4.8.4/armv6-m\libgcc.a(_arm_cmpdf2.o) (__gedf2)
c:/freescale/kds_v3/toolchain/bin/../lib/gcc/arm-none-eabi/4.8.4/armv6-m\libgcc.a(ledf2.o)
                              c:/freescale/kds_v3/toolchain/bin/../lib/gcc/arm-none-eabi/4.8.4/armv6-m\libgcc.a(_arm_cmpdf2.o) (__ledf2)
c:/freescale/kds_v3/toolchain/bin/../lib/gcc/arm-none-eabi/4.8.4/armv6-m\libgcc.a(muldf3.o)
                              ./Sources/adc.o (__aeabi_dmul)
c:/freescale/kds_v3/toolchain/bin/../lib/gcc/arm-none-eabi/4.8.4/armv6-m\libgcc.a(subdf3.o)
                              ./Sources/adc.o (__aeabi_dsub)
c:/freescale/kds_v3/toolchain/bin/../lib/gcc/arm-none-eabi/4.8.4/armv6-m\libgcc.a(floatsidf.o)
                              ./Sources/adc.o (__aeabi_i2d)
c:/freescale/kds_v3/toolchain/bin/../lib/gcc/arm-none-eabi/4.8.4/armv6-m\libgcc.a(extendsfdf2.o)
                              ./Sources/adc.o (__aeabi_f2d)
c:/freescale/kds_v3/toolchain/bin/../lib/gcc/arm-none-eabi/4.8.4/armv6-m\libgcc.a(truncdfsf2.o)
                              ./Sources/adc.o (__aeabi_d2f)
c:/freescale/kds_v3/toolchain/bin/../lib/gcc/arm-none-eabi/4.8.4/armv6-m\libgcc.a(_clzsi2.o)
                              c:/freescale/kds_v3/toolchain/bin/../lib/gcc/arm-none-eabi/4.8.4/armv6-m\libgcc.a(divsf3.o) (__clzsi2)
c:/freescale/kds_v3/toolchain/bin/../lib/gcc/arm-none-eabi/4.8.4/../../../../arm-none-eabi/lib/armv6-m\libg_s.a(lib_a-exit.o)
                              c:/freescale/kds_v3/toolchain/bin/../lib/gcc/arm-none-eabi/4.8.4/../../../../arm-none-eabi/lib/armv6-m/crt0.o (exit)
c:/freescale/kds_v3/toolchain/bin/../lib/gcc/arm-none-eabi/4.8.4/../../../../arm-none-eabi/lib/armv6-m\libg_s.a(lib_a-impure.o)
[...]
Memory Configuration

Name             Origin             Length             Attributes
m_interrupts     0x00000000         0x00000100         xr
m_flash_config   0x00000400         0x00000010         xr
m_text           0x00000410         0x0001fbf0         xr
m_data           0x1ffff000         0x00004000         rw
*default*        0x00000000         0xffffffff

Linker script and memory map

LOAD c:/freescale/kds_v3/toolchain/bin/../lib/gcc/arm-none-eabi/4.8.4/armv6-m/crti.o
LOAD c:/freescale/kds_v3/toolchain/bin/../lib/gcc/arm-none-eabi/4.8.4/armv6-m/crtbegin.o
LOAD c:/freescale/kds_v3/toolchain/bin/../lib/gcc/arm-none-eabi/4.8.4/../../../../arm-none-eabi/lib/armv6-m/crt0.o
LOAD ./Sources/accelerometer.o
LOAD ./Sources/adc.o
LOAD ./Sources/color.o
LOAD ./Sources/delay.o
LOAD ./Sources/dma.o
LOAD ./Sources/ftoa.o
LOAD ./Sources/i2c.o
LOAD ./Sources/io.o
LOAD ./Sources/main.o
LOAD ./Sources/message.o
LOAD ./Sources/profile.o
LOAD ./Sources/pwm_inti.o
LOAD ./Sources/uart.o
LOAD ./Project_Settings/Startup_Code/startup_MKL25Z4.o
LOAD ./Project_Settings/Startup_Code/system_MKL25Z4.o
LOAD c:/freescale/kds_v3/toolchain/bin/../lib/gcc/arm-none-eabi/4.8.4/../../../../arm-none-eabi/lib/armv6-m\libstdc++_s.a
LOAD c:/freescale/kds_v3/toolchain/bin/../lib/gcc/arm-none-eabi/4.8.4/../../../../arm-none-eabi/lib/armv6-m\libm.a
START GROUP
LOAD c:/freescale/kds_v3/toolchain/bin/../lib/gcc/arm-none-eabi/4.8.4/armv6-m\libgcc.a
LOAD c:/freescale/kds_v3/toolchain/bin/../lib/gcc/arm-none-eabi/4.8.4/../../../../arm-none-eabi/lib/armv6-m\libg_s.a
LOAD c:/freescale/kds_v3/toolchain/bin/../lib/gcc/arm-none-eabi/4.8.4/../../../../arm-none-eabi/lib/armv6-m\libc_s.a
END GROUP
START GROUP
LOAD c:/freescale/kds_v3/toolchain/bin/../lib/gcc/arm-none-eabi/4.8.4/armv6-m\libgcc.a
LOAD c:/freescale/kds_v3/toolchain/bin/../lib/gcc/arm-none-eabi/4.8.4/../../../../arm-none-eabi/lib/armv6-m\libc_s.a
LOAD c:/freescale/kds_v3/toolchain/bin/../lib/gcc/arm-none-eabi/4.8.4/../../../../arm-none-eabi/lib/armv6-m\libnosys.a
END GROUP
START GROUP
LOAD c:/freescale/kds_v3/toolchain/bin/../lib/gcc/arm-none-eabi/4.8.4/armv6-m\libgcc.a
LOAD c:/freescale/kds_v3/toolchain/bin/../lib/gcc/arm-none-eabi/4.8.4/../../../../arm-none-eabi/lib/armv6-m\libc_s.a
LOAD c:/freescale/kds_v3/toolchain/bin/../lib/gcc/arm-none-eabi/4.8.4/../../../../arm-none-eabi/lib/armv6-m\libnosys.a
END GROUP
LOAD c:/freescale/kds_v3/toolchain/bin/../lib/gcc/arm-none-eabi/4.8.4/armv6-m/crtend.o
LOAD c:/freescale/kds_v3/toolchain/bin/../lib/gcc/arm-none-eabi/4.8.4/armv6-m/crtn.o
                0x00000400                HEAP_SIZE = DEFINED (__heap_size__)?__heap_size__:0x400
                0x00000400                STACK_SIZE = DEFINED (__stack_size__)?__stack_size__:0x400

.interrupts     0x00000000       0xc0
                0x00000000                __VECTOR_TABLE = .
                0x00000000                . = ALIGN (0x4)
 *(.isr_vector)
 .isr_vector    0x00000000       0xc0 ./Project_Settings/Startup_Code/startup_MKL25Z4.o
                0x00000000                __isr_vector
                0x000000c0                . = ALIGN (0x4)

.flash_config   0x00000400       0x10
                0x00000400                . = ALIGN (0x4)
 *(.FlashConfig)
 .FlashConfig   0x00000400       0x10 ./Project_Settings/Startup_Code/startup_MKL25Z4.o
                0x00000410                . = ALIGN (0x4)

.text           0x00000410     0x4144
                0x00000410                . = ALIGN (0x4)
 *(.text)
 .text          0x00000410       0x60 c:/freescale/kds_v3/toolchain/bin/../lib/gcc/arm-none-eabi/4.8.4/armv6-m/crtbegin.o
 .text          0x00000470       0x78 c:/freescale/kds_v3/toolchain/bin/../lib/gcc/arm-none-eabi/4.8.4/../../../../arm-none-eabi/lib/armv6-m/crt0.o
                0x00000470                _start
                0x00000470                _mainCRTStartup
 .text          0x000004e8       0x34 ./Project_Settings/Startup_Code/startup_MKL25Z4.o
                0x000004e8                Reset_Handler
                0x00000514                HardFault_Handler
                0x00000514                SysTick_Handler
                0x00000514                PendSV_Handler
                0x00000514                NMI_Handler
                0x00000514                I2C1_IRQHandler
                0x00000514                UART1_IRQHandler
                0x00000514                DMA2_IRQHandler
                0x00000514                TPM0_IRQHandler
                0x00000514                LLWU_IRQHandler
                0x00000514                TSI0_IRQHandler
                0x00000514                UART0_IRQHandler
                0x00000514                ADC0_IRQHandler
                0x00000514                Reserved39_IRQHandler
                0x00000514                SPI1_IRQHandler
                0x00000514                DefaultISR
                0x00000514                PORTD_IRQHandler
                0x00000514                TPM2_IRQHandler
                0x00000514                RTC_IRQHandler
                0x00000514                I2C0_IRQHandler
                0x00000514                RTC_Seconds_IRQHandler
                0x00000514                MCG_IRQHandler
                0x00000514                UART2_IRQHandler
                0x00000514                Reserved20_IRQHandler
                0x00000514                USB0_IRQHandler
                0x00000514                PIT_IRQHandler
                0x00000514                SVC_Handler
                0x00000514                DMA3_IRQHandler
                0x00000514                DAC0_IRQHandler
                0x00000514                Reserved45_IRQHandler
                0x00000514                TPM1_IRQHandler
                0x00000514                LVD_LVW_IRQHandler
                0x00000514                SPI0_IRQHandler
                0x00000514                FTFA_IRQHandler
                0x00000514                LPTMR0_IRQHandler
                0x00000514                CMP0_IRQHandler
                0x00000514                DMA1_IRQHandler
 .text          0x0000051c       0x9c c:/freescale/kds_v3/toolchain/bin/../lib/gcc/arm-none-eabi/4.8.4/armv6-m\libgcc.a(_udivsi3.o)
                0x0000051c                __aeabi_uidiv
                0x0000051c                __udivsi3
                0x000005a4                __aeabi_uidivmod
 .text          0x000005b8       0xc0 c:/freescale/kds_v3/toolchain/bin/../lib/gcc/arm-none-eabi/4.8.4/armv6-m\libgcc.a(_divsi3.o)
                0x000005b8                __divsi3
                0x000005b8                __aeabi_idiv
                0x00000664                __aeabi_idivmod
 .text          0x00000678        0x4 c:/freescale/kds_v3/toolchain/bin/../lib/gcc/arm-none-eabi/4.8.4/armv6-m\libgcc.a(_dvmd_tls.o)
                0x00000678                __aeabi_idiv0
                0x00000678                __aeabi_ldiv0
 .text          0x0000067c       0x7c c:/freescale/kds_v3/toolchain/bin/../lib/gcc/arm-none-eabi/4.8.4/armv6-m\libgcc.a(_arm_cmpdf2.o)
                0x0000067c                __aeabi_cdrcmple
                0x0000068c                __aeabi_cdcmple
                0x0000068c                __aeabi_cdcmpeq
                0x0000069c                __aeabi_dcmpeq
                0x000006a8                __aeabi_dcmplt
                0x000006bc                __aeabi_dcmple
                0x000006d0                __aeabi_dcmpgt
                0x000006e4                __aeabi_dcmpge
 .text          0x000006f8       0x74 c:/freescale/kds_v3/toolchain/bin/../lib/gcc/arm-none-eabi/4.8.4/armv6-m\libgcc.a(_arm_cmpsf2.o)
                0x000006f8                __aeabi_cfrcmple
                0x00000700                __aeabi_cfcmpeq
                0x00000700                __aeabi_cfcmple
                0x00000710                __aeabi_fcmpeq
                0x0000071c                __aeabi_fcmplt
                0x00000730                __aeabi_fcmple
                0x00000744                __aeabi_fcmpgt
                0x00000758                __aeabi_fcmpge
 .text          0x0000076c      0x24c c:/freescale/kds_v3/toolchain/bin/../lib/gcc/arm-none-eabi/4.8.4/armv6-m\libgcc.a(divsf3.o)
                0x0000076c                __aeabi_fdiv
 .text          0x000009b8       0x54 c:/freescale/kds_v3/toolchain/bin/../lib/gcc/arm-none-eabi/4.8.4/armv6-m\libgcc.a(eqsf2.o)
                0x000009b8                __eqsf2
                0x000009b8                __nesf2
 .text          0x00000a0c       0x90 c:/freescale/kds_v3/toolchain/bin/../lib/gcc/arm-none-eabi/4.8.4/armv6-m\libgcc.a(gesf2.o)
                0x00000a0c                __gesf2
                0x00000a0c                __gtsf2
 .text          0x00000a9c       0x98 c:/freescale/kds_v3/toolchain/bin/../lib/gcc/arm-none-eabi/4.8.4/armv6-m\libgcc.a(lesf2.o)
                0x00000a9c                __ltsf2
                0x00000a9c                __lesf2
 .text          0x00000b34      0x254 c:/freescale/kds_v3/toolchain/bin/../lib/gcc/arm-none-eabi/4.8.4/armv6-m\libgcc.a(mulsf3.o)
                0x00000b34                __aeabi_fmul
 .text          0x00000d88      0x2ec c:/freescale/kds_v3/toolchain/bin/../lib/gcc/arm-none-eabi/4.8.4/armv6-m\libgcc.a(subsf3.o)
                0x00000d88                __aeabi_fsub
 .text          0x00001074       0x40 c:/freescale/kds_v3/toolchain/bin/../lib/gcc/arm-none-eabi/4.8.4/armv6-m\libgcc.a(fixsfsi.o)
                0x00001074                __aeabi_f2iz
 .text          0x000010b4       0xb8 c:/freescale/kds_v3/toolchain/bin/../lib/gcc/arm-none-eabi/4.8.4/armv6-m\libgcc.a(floatsisf.o)
                0x000010b4                __aeabi_i2f
 .text          0x0000116c       0xa0 c:/freescale/kds_v3/toolchain/bin/../lib/gcc/arm-none-eabi/4.8.4/armv6-m\libgcc.a(floatunsisf.o)
                0x0000116c                __aeabi_ui2f
 .text          0x0000120c      0x644 c:/freescale/kds_v3/toolchain/bin/../lib/gcc/arm-none-eabi/4.8.4/armv6-m\libgcc.a(adddf3.o)
                0x0000120c                __aeabi_dadd
 .text          0x00001850      0x648 c:/freescale/kds_v3/toolchain/bin/../lib/gcc/arm-none-eabi/4.8.4/armv6-m\libgcc.a(divdf3.o)
                0x00001850                __aeabi_ddiv
 .text          0x00001e98       0x94 c:/freescale/kds_v3/toolchain/bin/../lib/gcc/arm-none-eabi/4.8.4/armv6-m\libgcc.a(eqdf2.o)
                0x00001e98                __nedf2
                0x00001e98                __eqdf2
 .text          0x00001f2c       0xfc c:/freescale/kds_v3/toolchain/bin/../lib/gcc/arm-none-eabi/4.8.4/armv6-m\libgcc.a(gedf2.o)
                0x00001f2c                __gedf2
                0x00001f2c                __gtdf2
 .text          0x00002028       0xfc c:/freescale/kds_v3/toolchain/bin/../lib/gcc/arm-none-eabi/4.8.4/armv6-m\libgcc.a(ledf2.o)
                0x00002028                __ledf2
                0x00002028                __ltdf2
 .text          0x00002124      0x520 c:/freescale/kds_v3/toolchain/bin/../lib/gcc/arm-none-eabi/4.8.4/armv6-m\libgcc.a(muldf3.o)
                0x00002124                __aeabi_dmul
 .text          0x00002644      0x668 c:/freescale/kds_v3/toolchain/bin/../lib/gcc/arm-none-eabi/4.8.4/armv6-m\libgcc.a(subdf3.o)
                0x00002644                __aeabi_dsub
 .text          0x00002cac       0x7c c:/freescale/kds_v3/toolchain/bin/../lib/gcc/arm-none-eabi/4.8.4/armv6-m\libgcc.a(floatsidf.o)
                0x00002cac                __aeabi_i2d
 .text          0x00002d28       0xa4 c:/freescale/kds_v3/toolchain/bin/../lib/gcc/arm-none-eabi/4.8.4/armv6-m\libgcc.a(extendsfdf2.o)
                0x00002d28                __aeabi_f2d
 .text          0x00002dcc      0x118 c:/freescale/kds_v3/toolchain/bin/../lib/gcc/arm-none-eabi/4.8.4/armv6-m\libgcc.a(truncdfsf2.o)
                0x00002dcc                __aeabi_d2f
 .text          0x00002ee4       0x3c c:/freescale/kds_v3/toolchain/bin/../lib/gcc/arm-none-eabi/4.8.4/armv6-m\libgcc.a(_clzsi2.o)
                0x00002ee4                __clzsi2
 *(.text*)
 .text.MCU_Init
                0x00002f20       0x80 ./Sources/accelerometer.o
                0x00002f20                MCU_Init
 .text.Accelerometer_Init
                0x00002fa0       0x50 ./Sources/accelerometer.o
                0x00002fa0                Accelerometer_Init
 .text.test_accelerometer
                0x00002ff0      0x160 ./Sources/accelerometer.o
                0x00002ff0                test_accelerometer
 .text.PORTA_IRQHandler
                0x00003150       0x30 ./Sources/accelerometer.o
                0x00003150                PORTA_IRQHandler
 .text.adc_temperature
                0x00003180      0x180 ./Sources/adc.o
                0x00003180                adc_temperature
 .text.temp_calc
                0x00003300      0x1c8 ./Sources/adc.o
                0x00003300                temp_calc
 .text.Temp_conv
                0x000034c8       0x58 ./Sources/adc.o
                0x000034c8                Temp_conv
 .text.red      0x00003520       0x58 ./Sources/color.o
                0x00003520                red
 .text.green    0x00003578       0x58 ./Sources/color.o
                0x00003578                green
 .text.blue     0x000035d0       0x58 ./Sources/color.o
                0x000035d0                blue
 .text.red_brightness
                0x00003628       0x38 ./Sources/color.o
                0x00003628                red_brightness
 .text.green_brightness
                0x00003660       0x38 ./Sources/color.o
                0x00003660                green_brightness
 .text.blue_brightness
                0x00003698       0x38 ./Sources/color.o
                0x00003698                blue_brightness
 .text.delay_us
                0x000036d0       0x80 ./Sources/delay.o
                0x000036d0                delay_us
 .text.delay_ms
                0x00003750       0x2c ./Sources/delay.o
                0x00003750                delay_ms
 .text.dma_setup16
                0x0000377c       0xe0 ./Sources/dma.o
                0x0000377c                dma_setup16
 .text.DMA0_IRQHandler
                0x0000385c       0x40 ./Sources/dma.o
                0x0000385c                DMA0_IRQHandler
 .text.reverse  0x0000389c       0x58 ./Sources/ftoa.o
                0x0000389c                reverse
 .text.intToStr
                0x000038f4       0x80 ./Sources/ftoa.o
                0x000038f4                intToStr
 .text.ftoa     0x00003974       0x90 ./Sources/ftoa.o
                0x00003974                ftoa
 .text.power    0x00003a04       0x34 ./Sources/ftoa.o
                0x00003a04                power
 .text.I2C_WriteRegister
                0x00003a38       0xe0 ./Sources/i2c.o
                0x00003a38                I2C_WriteRegister
 .text.I2C_ReadMultiRegisters
                0x00003b18      0x1ec ./Sources/i2c.o
                0x00003b18                I2C_ReadMultiRegisters
 .text.Pause    0x00003d04       0x24 ./Sources/i2c.o
                0x00003d04                Pause
 .text.send_data
                0x00003d28       0x30 ./Sources/io.o
                0x00003d28                send_data
 .text.receive_data_char
                0x00003d58       0x40 ./Sources/io.o
                0x00003d58                receive_data_char
 .text.main     0x00003d98       0x3c ./Sources/main.o
                0x00003d98                main
 .text.message_input
                0x00003dd4       0xc4 ./Sources/message.o
                0x00003dd4                message_input
 .text.message_functions
                0x00003e98      0x244 ./Sources/message.o
                0x00003e98                message_functions
 .text.uart0_init
                0x000040dc       0x44 ./Sources/uart.o
                0x000040dc                uart0_init
 .text.uart0_tx
                0x00004120       0x60 ./Sources/uart.o
                0x00004120                uart0_tx
 .text.uart0_rx
                0x00004180       0x70 ./Sources/uart.o
                0x00004180                uart0_rx
 .text.print_stringl
                0x000041f0       0x40 ./Sources/uart.o
                0x000041f0                print_stringl
 .text.print_string
                0x00004230       0x34 ./Sources/uart.o
                0x00004230                print_string
 .text.SystemInit
                0x00004264       0x18 ./Project_Settings/Startup_Code/system_MKL25Z4.o
                0x00004264                SystemInit
 .text.exit     0x0000427c       0x2c c:/freescale/kds_v3/toolchain/bin/../lib/gcc/arm-none-eabi/4.8.4/../../../../arm-none-eabi/lib/armv6-m\libg_s.a(lib_a-exit.o)
                0x0000427c                exit
 .text.__libc_init_array
                0x000042a8       0x4c c:/freescale/kds_v3/toolchain/bin/../lib/gcc/arm-none-eabi/4.8.4/../../../../arm-none-eabi/lib/armv6-m\libg_s.a(lib_a-init.o)
                0x000042a8                __libc_init_array
 .text.memset   0x000042f4       0x10 c:/freescale/kds_v3/toolchain/bin/../lib/gcc/arm-none-eabi/4.8.4/../../../../arm-none-eabi/lib/armv6-m\libg_s.a(lib_a-memset.o)
                0x000042f4                memset
 .text._exit    0x00004304        0x4 c:/freescale/kds_v3/toolchain/bin/../lib/gcc/arm-none-eabi/4.8.4/../../../../arm-none-eabi/lib/armv6-m\libnosys.a(_exit.o)
                0x00004304                _exit
 *(.rodata)
 .rodata        0x00004308       0x8c ./Sources/accelerometer.o
 .rodata        0x00004394        0x8 ./Sources/adc.o
 .rodata        0x0000439c       0x18 ./Sources/dma.o
 .rodata        0x000043b4       0x20 ./Sources/message.o
 .rodata        0x000043d4       0x40 c:/freescale/kds_v3/toolchain/bin/../lib/gcc/arm-none-eabi/4.8.4/armv6-m\libgcc.a(divsf3.o)
 .rodata        0x00004414       0x40 c:/freescale/kds_v3/toolchain/bin/../lib/gcc/arm-none-eabi/4.8.4/armv6-m\libgcc.a(mulsf3.o)
 .rodata        0x00004454       0x40 c:/freescale/kds_v3/toolchain/bin/../lib/gcc/arm-none-eabi/4.8.4/armv6-m\libgcc.a(divdf3.o)
 .rodata        0x00004494       0x40 c:/freescale/kds_v3/toolchain/bin/../lib/gcc/arm-none-eabi/4.8.4/armv6-m\libgcc.a(muldf3.o)
 *(.rodata*)
 .rodata.message_functions
                0x000044d4       0x60 ./Sources/message.o
 .rodata.str1.1
                0x00004534        0x2 c:/freescale/kds_v3/toolchain/bin/../lib/gcc/arm-none-eabi/4.8.4/../../../../arm-none-eabi/lib/armv6-m\libg_s.a(lib_a-impure.o)
 *fill*         0x00004536        0x2 
 .rodata._global_impure_ptr
                0x00004538        0x4 c:/freescale/kds_v3/toolchain/bin/../lib/gcc/arm-none-eabi/4.8.4/../../../../arm-none-eabi/lib/armv6-m\libg_s.a(lib_a-impure.o)
                0x00004538                _global_impure_ptr
 *(.glue_7)
 .glue_7        0x00000000        0x0 linker stubs
 *(.glue_7t)
 .glue_7t       0x00000000        0x0 linker stubs
 *(.eh_frame)
 .eh_frame      0x0000453c        0x0 c:/freescale/kds_v3/toolchain/bin/../lib/gcc/arm-none-eabi/4.8.4/armv6-m/crtbegin.o
 *(.init)
 .init          0x0000453c        0x4 c:/freescale/kds_v3/toolchain/bin/../lib/gcc/arm-none-eabi/4.8.4/armv6-m/crti.o
                0x0000453c                _init
 .init          0x00004540        0x8 c:/freescale/kds_v3/toolchain/bin/../lib/gcc/arm-none-eabi/4.8.4/armv6-m/crtn.o
 *(.fini)
 .fini          0x00004548        0x4 c:/freescale/kds_v3/toolchain/bin/../lib/gcc/arm-none-eabi/4.8.4/armv6-m/crti.o
                0x00004548                _fini
 .fini          0x0000454c        0x8 c:/freescale/kds_v3/toolchain/bin/../lib/gcc/arm-none-eabi/4.8.4/armv6-m/crtn.o
                0x00004554                . = ALIGN (0x4)

.vfp11_veneer   0x00004554        0x0
 .vfp11_veneer  0x00000000        0x0 linker stubs

.v4_bx          0x00004554        0x0
 .v4_bx         0x00000000        0x0 linker stubs

.iplt           0x00004554        0x0
 .iplt          0x00000000        0x0 c:/freescale/kds_v3/toolchain/bin/../lib/gcc/arm-none-eabi/4.8.4/armv6-m/crtbegin.o

.ARM.extab
 *(.ARM.extab* .gnu.linkonce.armextab.*)

.ARM            0x00004554        0x8
                0x00004554                __exidx_start = .
 *(.ARM.exidx*)
 .ARM.exidx     0x00004554        0x8 c:/freescale/kds_v3/toolchain/bin/../lib/gcc/arm-none-eabi/4.8.4/../../../../arm-none-eabi/lib/armv6-m/crt0.o
                0x0000455c                __exidx_end = .

.rel.dyn        0x0000455c        0x0
 .rel.iplt      0x00000000        0x0 c:/freescale/kds_v3/toolchain/bin/../lib/gcc/arm-none-eabi/4.8.4/armv6-m/crtbegin.o

.ctors          0x0000455c        0x0
                0x0000455c                __CTOR_LIST__ = .
 *crtbegin.o(.ctors)
 *crtbegin?.o(.ctors)
 *(EXCLUDE_FILE(*crtend.o *crtend?.o) .ctors)
 *(SORT(.ctors.*))
 *(.ctors)
                0x0000455c                __CTOR_END__ = .

.dtors          0x0000455c        0x0
                0x0000455c                __DTOR_LIST__ = .
 *crtbegin.o(.dtors)
 *crtbegin?.o(.dtors)
 *(EXCLUDE_FILE(*crtend.o *crtend?.o) .dtors)
 *(SORT(.dtors.*))
 *(.dtors)
                0x0000455c                __DTOR_END__ = .

.preinit_array  0x0000455c        0x0
                0x0000455c                PROVIDE (__preinit_array_start, .)
 *(.preinit_array*)
                0x0000455c                PROVIDE (__preinit_array_end, .)

.init_array     0x0000455c        0x4
                0x0000455c                PROVIDE (__init_array_start, .)
 *(SORT(.init_array.*))
 *(.init_array*)
 .init_array    0x0000455c        0x4 c:/freescale/kds_v3/toolchain/bin/../lib/gcc/arm-none-eabi/4.8.4/armv6-m/crtbegin.o
                0x00004560                PROVIDE (__init_array_end, .)

.fini_array     0x00004560        0x4
                0x00004560                PROVIDE (__fini_array_start, .)
 *(SORT(.fini_array.*))
 *(.fini_array*)
 .fini_array    0x00004560        0x4 c:/freescale/kds_v3/toolchain/bin/../lib/gcc/arm-none-eabi/4.8.4/armv6-m/crtbegin.o
                0x00004564                PROVIDE (__fini_array_end, .)
                0x00004564                __etext = .
                0x00004564                __DATA_ROM = .

.mtb            0x1ffff000        0x0
                0x1ffff000                . = ALIGN (0x8)
                0x1ffff000                _mtb_start = .
 *(.mtb_buf)
                0x1ffff000                . = ALIGN (0x8)
                0x1ffff000                _mtb_end = .

.data           0x1ffff000       0x64 load address 0x00004564
                0x1ffff000                . = ALIGN (0x4)
                0x1ffff000                __DATA_RAM = .
                0x1ffff000                __data_start__ = .
 *(.data)
 *(.data*)
 .data.impure_data
                0x1ffff000       0x60 c:/freescale/kds_v3/toolchain/bin/../lib/gcc/arm-none-eabi/4.8.4/../../../../arm-none-eabi/lib/armv6-m\libg_s.a(lib_a-impure.o)
 *(.jcr*)
 .jcr           0x1ffff060        0x0 c:/freescale/kds_v3/toolchain/bin/../lib/gcc/arm-none-eabi/4.8.4/armv6-m/crtbegin.o
 .jcr           0x1ffff060        0x4 c:/freescale/kds_v3/toolchain/bin/../lib/gcc/arm-none-eabi/4.8.4/armv6-m/crtend.o
                0x1ffff064                . = ALIGN (0x4)
                0x1ffff064                __data_end__ = .
                0x000045c8                __DATA_END = (__DATA_ROM + (__data_end__ - __data_start__))

.igot.plt       0x1ffff064        0x0 load address 0x000045c8
 .igot.plt      0x00000000        0x0 c:/freescale/kds_v3/toolchain/bin/../lib/gcc/arm-none-eabi/4.8.4/armv6-m/crtbegin.o

.bss            0x1ffff064       0x54 load address 0x000045c8
                0x1ffff064                . = ALIGN (0x4)
                0x1ffff064                __START_BSS = .
                0x1ffff064                __bss_start__ = .
 *(.bss)
 .bss           0x1ffff064       0x1c c:/freescale/kds_v3/toolchain/bin/../lib/gcc/arm-none-eabi/4.8.4/armv6-m/crtbegin.o
 *(.bss*)
 *(COMMON)
 COMMON         0x1ffff080       0x37 ./Sources/accelerometer.o
                0x1ffff080                message_functions_ptr
                0x1ffff084                Zoffset
                0x1ffff085                Test
                0x1ffff088                AccData
                0x1ffff08e                Xout_14_bit
                0x1ffff090                Zout_g
                0x1ffff094                Xout_14_bit_in_ascii
                0x1ffff098                ptr_test_accelerometer
                0x1ffff09c                Yout_14_bit_in_ascii
                0x1ffff09d                DataReady
                0x1ffff0a0                Yout_g
                0x1ffff0a4                Zout_14_bit
                0x1ffff0a8                ptr_temp_calc
                0x1ffff0ac                Yout_14_bit
                0x1ffff0b0                Xout_g
                0x1ffff0b4                Yoffset
                0x1ffff0b5                Zout_14_bit_in_ascii
                0x1ffff0b6                Xoffset
                0x1ffff0b8                . = ALIGN (0x4)
 *fill*         0x1ffff0b7        0x1 
                0x1ffff0b8                __bss_end__ = .
                0x1ffff0b8                __END_BSS = .

.heap           0x1ffff0b8      0x400 load address 0x0000461c
                0x1ffff0b8                . = ALIGN (0x8)
                0x1ffff0b8                __end__ = .
                0x1ffff0b8                PROVIDE (end, .)
                0x1ffff0b8                __HeapBase = .
                0x1ffff4b8                . = (. + HEAP_SIZE)
 *fill*         0x1ffff0b8      0x400 
                0x1ffff4b8                __HeapLimit = .

.stack          0x1ffff4b8      0x400 load address 0x00004a1c
                0x1ffff4b8                . = ALIGN (0x8)
                0x1ffff8b8                . = (. + STACK_SIZE)
 *fill*         0x1ffff4b8      0x400 
                0x20003000                __StackTop = (ORIGIN (m_data) + 0x4000)
                0x20002c00                __StackLimit = (__StackTop - STACK_SIZE)
                0x20003000                PROVIDE (__stack, __StackTop)

.ARM.attributes
                0x00000000       0x28
 *(.ARM.attributes)
 .ARM.attributes
                0x00000000       0x1e c:/freescale/kds_v3/toolchain/bin/../lib/gcc/arm-none-eabi/4.8.4/armv6-m/crti.o
 .ARM.attributes
                0x0000001e       0x2c c:/freescale/kds_v3/toolchain/bin/../lib/gcc/arm-none-eabi/4.8.4/armv6-m/crtbegin.o
 .ARM.attributes
                0x0000004a       0x1b c:/freescale/kds_v3/toolchain/bin/../lib/gcc/arm-none-eabi/4.8.4/../../../../arm-none-eabi/lib/armv6-m/crt0.o
 .ARM.attributes
                0x00000065       0x32 ./Sources/accelerometer.o
 .ARM.attributes
                0x00000097       0x32 ./Sources/adc.o
 .ARM.attributes
                0x000000c9       0x32 ./Sources/color.o
 .ARM.attributes
                0x000000fb       0x32 ./Sources/delay.o
 .ARM.attributes
                0x0000012d       0x32 ./Sources/dma.o
 .ARM.attributes
                0x0000015f       0x32 ./Sources/ftoa.o
 .ARM.attributes
                0x00000191       0x32 ./Sources/i2c.o
 .ARM.attributes
                0x000001c3       0x32 ./Sources/io.o
 .ARM.attributes
                0x000001f5       0x32 ./Sources/main.o
 .ARM.attributes
                0x00000227       0x32 ./Sources/message.o
 .ARM.attributes
                0x00000259       0x32 ./Sources/uart.o
 .ARM.attributes
                0x0000028b       0x1b ./Project_Settings/Startup_Code/startup_MKL25Z4.o
 .ARM.attributes
                0x000002a6       0x32 ./Project_Settings/Startup_Code/system_MKL25Z4.o
 .ARM.attributes
                0x000002d8       0x1e c:/freescale/kds_v3/toolchain/bin/../lib/gcc/arm-none-eabi/4.8.4/armv6-m\libgcc.a(_udivsi3.o)
 .ARM.attributes
                0x000002f6       0x1e c:/freescale/kds_v3/toolchain/bin/../lib/gcc/arm-none-eabi/4.8.4/armv6-m\libgcc.a(_divsi3.o)
 .ARM.attributes
                0x00000314       0x1e c:/freescale/kds_v3/toolchain/bin/../lib/gcc/arm-none-eabi/4.8.4/armv6-m\libgcc.a(_dvmd_tls.o)
 .ARM.attributes
                0x00000332       0x1e c:/freescale/kds_v3/toolchain/bin/../lib/gcc/arm-none-eabi/4.8.4/armv6-m\libgcc.a(_arm_cmpdf2.o)
 .ARM.attributes
                0x00000350       0x1e c:/freescale/kds_v3/toolchain/bin/../lib/gcc/arm-none-eabi/4.8.4/armv6-m\libgcc.a(_arm_cmpsf2.o)
 .ARM.attributes
                0x0000036e       0x2c c:/freescale/kds_v3/toolchain/bin/../lib/gcc/arm-none-eabi/4.8.4/armv6-m\libgcc.a(divsf3.o)
 .ARM.attributes
                0x0000039a       0x2c c:/freescale/kds_v3/toolchain/bin/../lib/gcc/arm-none-eabi/4.8.4/armv6-m\libgcc.a(eqsf2.o)
 .ARM.attributes
                0x000003c6       0x2c c:/freescale/kds_v3/toolchain/bin/../lib/gcc/arm-none-eabi/4.8.4/armv6-m\libgcc.a(gesf2.o)
 .ARM.attributes
                0x000003f2       0x2c c:/freescale/kds_v3/toolchain/bin/../lib/gcc/arm-none-eabi/4.8.4/armv6-m\libgcc.a(lesf2.o)
 .ARM.attributes
                0x0000041e       0x2c c:/freescale/kds_v3/toolchain/bin/../lib/gcc/arm-none-eabi/4.8.4/armv6-m\libgcc.a(mulsf3.o)
 .ARM.attributes
                0x0000044a       0x2c c:/freescale/kds_v3/toolchain/bin/../lib/gcc/arm-none-eabi/4.8.4/armv6-m\libgcc.a(subsf3.o)
 .ARM.attributes
                0x00000476       0x2c c:/freescale/kds_v3/toolchain/bin/../lib/gcc/arm-none-eabi/4.8.4/armv6-m\libgcc.a(fixsfsi.o)
 .ARM.attributes
                0x000004a2       0x2c c:/freescale/kds_v3/toolchain/bin/../lib/gcc/arm-none-eabi/4.8.4/armv6-m\libgcc.a(floatsisf.o)
 .ARM.attributes
                0x000004ce       0x2c c:/freescale/kds_v3/toolchain/bin/../lib/gcc/arm-none-eabi/4.8.4/armv6-m\libgcc.a(floatunsisf.o)
 .ARM.attributes
                0x000004fa       0x2c c:/freescale/kds_v3/toolchain/bin/../lib/gcc/arm-none-eabi/4.8.4/armv6-m\libgcc.a(adddf3.o)
 .ARM.attributes
                0x00000526       0x2c c:/freescale/kds_v3/toolchain/bin/../lib/gcc/arm-none-eabi/4.8.4/armv6-m\libgcc.a(divdf3.o)
 .ARM.attributes
                0x00000552       0x2c c:/freescale/kds_v3/toolchain/bin/../lib/gcc/arm-none-eabi/4.8.4/armv6-m\libgcc.a(eqdf2.o)
 .ARM.attributes
                0x0000057e       0x2c c:/freescale/kds_v3/toolchain/bin/../lib/gcc/arm-none-eabi/4.8.4/armv6-m\libgcc.a(gedf2.o)
 .ARM.attributes
                0x000005aa       0x2c c:/freescale/kds_v3/toolchain/bin/../lib/gcc/arm-none-eabi/4.8.4/armv6-m\libgcc.a(ledf2.o)
 .ARM.attributes
                0x000005d6       0x2c c:/freescale/kds_v3/toolchain/bin/../lib/gcc/arm-none-eabi/4.8.4/armv6-m\libgcc.a(muldf3.o)
 .ARM.attributes
                0x00000602       0x2c c:/freescale/kds_v3/toolchain/bin/../lib/gcc/arm-none-eabi/4.8.4/armv6-m\libgcc.a(subdf3.o)
 .ARM.attributes
                0x0000062e       0x2c c:/freescale/kds_v3/toolchain/bin/../lib/gcc/arm-none-eabi/4.8.4/armv6-m\libgcc.a(floatsidf.o)
 .ARM.attributes
                0x0000065a       0x2c c:/freescale/kds_v3/toolchain/bin/../lib/gcc/arm-none-eabi/4.8.4/armv6-m\libgcc.a(extendsfdf2.o)
 .ARM.attributes
                0x00000686       0x2c c:/freescale/kds_v3/toolchain/bin/../lib/gcc/arm-none-eabi/4.8.4/armv6-m\libgcc.a(truncdfsf2.o)
 .ARM.attributes
                0x000006b2       0x1e c:/freescale/kds_v3/toolchain/bin/../lib/gcc/arm-none-eabi/4.8.4/armv6-m\libgcc.a(_clzsi2.o)
 .ARM.attributes
                0x000006d0       0x2c c:/freescale/kds_v3/toolchain/bin/../lib/gcc/arm-none-eabi/4.8.4/../../../../arm-none-eabi/lib/armv6-m\libg_s.a(lib_a-exit.o)
 .ARM.attributes
                0x000006fc       0x2c c:/freescale/kds_v3/toolchain/bin/../lib/gcc/arm-none-eabi/4.8.4/../../../../arm-none-eabi/lib/armv6-m\libg_s.a(lib_a-impure.o)
 .ARM.attributes
                0x00000728       0x2c c:/freescale/kds_v3/toolchain/bin/../lib/gcc/arm-none-eabi/4.8.4/../../../../arm-none-eabi/lib/armv6-m\libg_s.a(lib_a-init.o)
 .ARM.attributes
                0x00000754       0x2c c:/freescale/kds_v3/toolchain/bin/../lib/gcc/arm-none-eabi/4.8.4/../../../../arm-none-eabi/lib/armv6-m\libg_s.a(lib_a-memset.o)
 .ARM.attributes
                0x00000780       0x2c c:/freescale/kds_v3/toolchain/bin/../lib/gcc/arm-none-eabi/4.8.4/../../../../arm-none-eabi/lib/armv6-m\libnosys.a(_exit.o)
 .ARM.attributes
                0x000007ac       0x2c c:/freescale/kds_v3/toolchain/bin/../lib/gcc/arm-none-eabi/4.8.4/armv6-m/crtend.o
 .ARM.attributes
                0x000007d8       0x1e c:/freescale/kds_v3/toolchain/bin/../lib/gcc/arm-none-eabi/4.8.4/armv6-m/crtn.o
                0x00000001                ASSERT ((__StackLimit >= __HeapLimit), region m_data overflowed with stack and heap)
OUTPUT(spi_project.elf elf32-littlearm)

.debug_info     0x00000000     0x3d78
 .debug_info    0x00000000      0x5e3 ./Sources/accelerometer.o
 .debug_info    0x000005e3      0x6c5 ./Sources/adc.o
 .debug_info    0x00000ca8      0x5b0 ./Sources/color.o
 .debug_info    0x00001258      0x565 ./Sources/delay.o
 .debug_info    0x000017bd      0x6ee ./Sources/dma.o
 .debug_info    0x00001eab      0x385 ./Sources/ftoa.o
 .debug_info    0x00002230      0x6ec ./Sources/i2c.o
 .debug_info    0x0000291c      0x38b ./Sources/io.o
 .debug_info    0x00002ca7      0x283 ./Sources/main.o
 .debug_info    0x00002f2a      0x3b0 ./Sources/message.o
 .debug_info    0x000032da      0x613 ./Sources/uart.o
 .debug_info    0x000038ed       0x9e ./Project_Settings/Startup_Code/startup_MKL25Z4.o
 .debug_info    0x0000398b      0x3ed ./Project_Settings/Startup_Code/system_MKL25Z4.o

.debug_abbrev   0x00000000     0x1048
 .debug_abbrev  0x00000000      0x174 ./Sources/accelerometer.o
 .debug_abbrev  0x00000174      0x175 ./Sources/adc.o
 .debug_abbrev  0x000002e9      0x15e ./Sources/color.o
 .debug_abbrev  0x00000447      0x157 ./Sources/delay.o
 .debug_abbrev  0x0000059e      0x1a1 ./Sources/dma.o
 .debug_abbrev  0x0000073f      0x149 ./Sources/ftoa.o
 .debug_abbrev  0x00000888      0x1c7 ./Sources/i2c.o
 .debug_abbrev  0x00000a4f      0x149 ./Sources/io.o
 .debug_abbrev  0x00000b98       0xea ./Sources/main.o
 .debug_abbrev  0x00000c82      0x145 ./Sources/message.o
 .debug_abbrev  0x00000dc7      0x164 ./Sources/uart.o
 .debug_abbrev  0x00000f2b       0x14 ./Project_Settings/Startup_Code/startup_MKL25Z4.o
 .debug_abbrev  0x00000f3f      0x109 ./Project_Settings/Startup_Code/system_MKL25Z4.o

.debug_aranges  0x00000000      0x298
 .debug_aranges
                0x00000000       0x40 ./Sources/accelerometer.o
 .debug_aranges
                0x00000040       0x30 ./Sources/adc.o
 .debug_aranges
                0x00000070       0x48 ./Sources/color.o
 .debug_aranges
                0x000000b8       0x28 ./Sources/delay.o
 .debug_aranges
                0x000000e0       0x30 ./Sources/dma.o
 .debug_aranges
                0x00000110       0x38 ./Sources/ftoa.o
 .debug_aranges
                0x00000148       0x50 ./Sources/i2c.o
 .debug_aranges
                0x00000198       0x30 ./Sources/io.o
 .debug_aranges
                0x000001c8       0x20 ./Sources/main.o
 .debug_aranges
                0x000001e8       0x28 ./Sources/message.o
 .debug_aranges
                0x00000210       0x40 ./Sources/uart.o
 .debug_aranges
                0x00000250       0x20 ./Project_Settings/Startup_Code/startup_MKL25Z4.o
 .debug_aranges
                0x00000270       0x28 ./Project_Settings/Startup_Code/system_MKL25Z4.o

.debug_ranges   0x00000000      0x1b8
 .debug_ranges  0x00000000       0x30 ./Sources/accelerometer.o
 .debug_ranges  0x00000030       0x20 ./Sources/adc.o
 .debug_ranges  0x00000050       0x38 ./Sources/color.o
 .debug_ranges  0x00000088       0x18 ./Sources/delay.o
 .debug_ranges  0x000000a0       0x20 ./Sources/dma.o
 .debug_ranges  0x000000c0       0x28 ./Sources/ftoa.o
 .debug_ranges  0x000000e8       0x40 ./Sources/i2c.o
 .debug_ranges  0x00000128       0x20 ./Sources/io.o
 .debug_ranges  0x00000148       0x10 ./Sources/main.o
 .debug_ranges  0x00000158       0x18 ./Sources/message.o
 .debug_ranges  0x00000170       0x30 ./Sources/uart.o
 .debug_ranges  0x000001a0       0x18 ./Project_Settings/Startup_Code/system_MKL25Z4.o

.debug_macro    0x00000000     0xb278
 .debug_macro   0x00000000      0x1d2 ./Sources/accelerometer.o
 .debug_macro   0x000001d2      0x802 ./Sources/accelerometer.o
 .debug_macro   0x000009d4       0x16 ./Sources/accelerometer.o
 .debug_macro   0x000009ea       0x58 ./Sources/accelerometer.o
 .debug_macro   0x00000a42       0x16 ./Sources/accelerometer.o
 .debug_macro   0x00000a58       0x35 ./Sources/accelerometer.o
 .debug_macro   0x00000a8d       0xa3 ./Sources/accelerometer.o
 .debug_macro   0x00000b30       0x16 ./Sources/accelerometer.o
 .debug_macro   0x00000b46       0x97 ./Sources/accelerometer.o
 .debug_macro   0x00000bdd       0x10 ./Sources/accelerometer.o
 .debug_macro   0x00000bed       0xef ./Sources/accelerometer.o
 .debug_macro   0x00000cdc       0x4a ./Sources/accelerometer.o
 .debug_macro   0x00000d26       0x52 ./Sources/accelerometer.o
 .debug_macro   0x00000d78       0x16 ./Sources/accelerometer.o
 .debug_macro   0x00000d8e       0x43 ./Sources/accelerometer.o
 .debug_macro   0x00000dd1      0x180 ./Sources/accelerometer.o
 .debug_macro   0x00000f51       0x10 ./Sources/accelerometer.o
 .debug_macro   0x00000f61       0x22 ./Sources/accelerometer.o
 .debug_macro   0x00000f83       0xbd ./Sources/accelerometer.o
 .debug_macro   0x00001040       0x16 ./Sources/accelerometer.o
 .debug_macro   0x00001056      0x14a ./Sources/accelerometer.o
 .debug_macro   0x000011a0       0x16 ./Sources/accelerometer.o
 .debug_macro   0x000011b6      0x20f ./Sources/accelerometer.o
 .debug_macro   0x000013c5       0x3a ./Sources/accelerometer.o
 .debug_macro   0x000013ff       0x3a ./Sources/accelerometer.o
 .debug_macro   0x00001439       0x26 ./Sources/accelerometer.o
 .debug_macro   0x0000145f      0x306 ./Sources/accelerometer.o
 .debug_macro   0x00001765       0x63 ./Sources/accelerometer.o
 .debug_macro   0x000017c8     0x839f ./Sources/accelerometer.o
 .debug_macro   0x00009b67       0x10 ./Sources/accelerometer.o
 .debug_macro   0x00009b77       0x2e ./Sources/accelerometer.o
 .debug_macro   0x00009ba5      0x11e ./Sources/accelerometer.o
 .debug_macro   0x00009cc3       0x58 ./Sources/accelerometer.o
 .debug_macro   0x00009d1b      0x1d2 ./Sources/adc.o
 .debug_macro   0x00009eed      0x1d2 ./Sources/color.o
 .debug_macro   0x0000a0bf      0x1d2 ./Sources/delay.o
 .debug_macro   0x0000a291      0x1d8 ./Sources/dma.o
 .debug_macro   0x0000a469      0x1d2 ./Sources/ftoa.o
 .debug_macro   0x0000a63b      0x1de ./Sources/i2c.o
 .debug_macro   0x0000a819       0x44 ./Sources/i2c.o
 .debug_macro   0x0000a85d      0x209 ./Sources/i2c.o
 .debug_macro   0x0000aa66      0x1d2 ./Sources/io.o
 .debug_macro   0x0000ac38      0x1d2 ./Sources/main.o
 .debug_macro   0x0000ae0a      0x1d2 ./Sources/message.o
 .debug_macro   0x0000afdc      0x1d2 ./Sources/uart.o
 .debug_macro   0x0000b1ae       0x7e ./Project_Settings/Startup_Code/system_MKL25Z4.o
 .debug_macro   0x0000b22c       0x4c ./Project_Settings/Startup_Code/system_MKL25Z4.o

.debug_line     0x00000000     0x2a03
 .debug_line    0x00000000      0x391 ./Sources/accelerometer.o
 .debug_line    0x00000391      0x377 ./Sources/adc.o
 .debug_line    0x00000708      0x369 ./Sources/color.o
 .debug_line    0x00000a71      0x332 ./Sources/delay.o
 .debug_line    0x00000da3      0x349 ./Sources/dma.o
 .debug_line    0x000010ec      0x36b ./Sources/ftoa.o
 .debug_line    0x00001457      0x558 ./Sources/i2c.o
 .debug_line    0x000019af      0x34c ./Sources/io.o
 .debug_line    0x00001cfb      0x320 ./Sources/main.o
 .debug_line    0x0000201b      0x3bc ./Sources/message.o
 .debug_line    0x000023d7      0x371 ./Sources/uart.o
 .debug_line    0x00002748       0x7b ./Project_Settings/Startup_Code/startup_MKL25Z4.o
 .debug_line    0x000027c3      0x240 ./Project_Settings/Startup_Code/system_MKL25Z4.o

.debug_str      0x00000000    0x34759
 .debug_str     0x00000000    0x34252 ./Sources/accelerometer.o
                              0x346e7 (size before relaxing)
 .debug_str     0x00034252       0xab ./Sources/adc.o
                              0x3470b (size before relaxing)
 .debug_str     0x000342fd       0x7c ./Sources/color.o
                              0x346c8 (size before relaxing)
 .debug_str     0x00034379       0x32 ./Sources/delay.o
                              0x346a1 (size before relaxing)
 .debug_str     0x000343ab       0xd9 ./Sources/dma.o
                              0x34725 (size before relaxing)
 .debug_str     0x00034484       0x45 ./Sources/ftoa.o
                              0x3459a (size before relaxing)
 .debug_str     0x000344c9       0xab ./Sources/i2c.o
                              0x34725 (size before relaxing)
 .debug_str     0x00034574       0x43 ./Sources/io.o
                              0x345b0 (size before relaxing)
 .debug_str     0x000345b7       0x32 ./Sources/main.o
                              0x34582 (size before relaxing)
 .debug_str     0x000345e9       0xa0 ./Sources/message.o
                              0x34629 (size before relaxing)
 .debug_str     0x00034689       0x44 ./Sources/uart.o
                              0x346c4 (size before relaxing)
 .debug_str     0x000346cd       0x8c ./Project_Settings/Startup_Code/system_MKL25Z4.o
                              0x31f1c (size before relaxing)

.comment        0x00000000       0x70
 .comment       0x00000000       0x70 ./Sources/accelerometer.o
                                 0x71 (size before relaxing)
 .comment       0x00000000       0x71 ./Sources/adc.o
 .comment       0x00000000       0x71 ./Sources/color.o
 .comment       0x00000000       0x71 ./Sources/delay.o
 .comment       0x00000000       0x71 ./Sources/dma.o
 .comment       0x00000000       0x71 ./Sources/ftoa.o
 .comment       0x00000000       0x71 ./Sources/i2c.o
 .comment       0x00000000       0x71 ./Sources/io.o
 .comment       0x00000000       0x71 ./Sources/main.o
 .comment       0x00000000       0x71 ./Sources/message.o
 .comment       0x00000000       0x71 ./Sources/uart.o
 .comment       0x00000000       0x71 ./Project_Settings/Startup_Code/system_MKL25Z4.o

.debug_frame    0x00000000      0xa98
 .debug_frame   0x00000000       0xa4 ./Sources/accelerometer.o
 .debug_frame   0x000000a4       0x70 ./Sources/adc.o
 .debug_frame   0x00000114       0xc4 ./Sources/color.o
 .debug_frame   0x000001d8       0x50 ./Sources/delay.o
 .debug_frame   0x00000228       0x6c ./Sources/dma.o
 .debug_frame   0x00000294       0x90 ./Sources/ftoa.o
 .debug_frame   0x00000324       0xec ./Sources/i2c.o
 .debug_frame   0x00000410       0x70 ./Sources/io.o
 .debug_frame   0x00000480       0x30 ./Sources/main.o
 .debug_frame   0x000004b0       0x50 ./Sources/message.o
 .debug_frame   0x00000500       0xa4 ./Sources/uart.o
 .debug_frame   0x000005a4       0x4c ./Project_Settings/Startup_Code/system_MKL25Z4.o
 .debug_frame   0x000005f0       0x20 c:/freescale/kds_v3/toolchain/bin/../lib/gcc/arm-none-eabi/4.8.4/armv6-m\libgcc.a(_udivsi3.o)
 .debug_frame   0x00000610       0x20 c:/freescale/kds_v3/toolchain/bin/../lib/gcc/arm-none-eabi/4.8.4/armv6-m\libgcc.a(_divsi3.o)
 .debug_frame   0x00000630       0x3c c:/freescale/kds_v3/toolchain/bin/../lib/gcc/arm-none-eabi/4.8.4/armv6-m\libgcc.a(divsf3.o)
 .debug_frame   0x0000066c       0x2c c:/freescale/kds_v3/toolchain/bin/../lib/gcc/arm-none-eabi/4.8.4/armv6-m\libgcc.a(eqsf2.o)
 .debug_frame   0x00000698       0x30 c:/freescale/kds_v3/toolchain/bin/../lib/gcc/arm-none-eabi/4.8.4/armv6-m\libgcc.a(gesf2.o)
 .debug_frame   0x000006c8       0x30 c:/freescale/kds_v3/toolchain/bin/../lib/gcc/arm-none-eabi/4.8.4/armv6-m\libgcc.a(lesf2.o)
 .debug_frame   0x000006f8       0x3c c:/freescale/kds_v3/toolchain/bin/../lib/gcc/arm-none-eabi/4.8.4/armv6-m\libgcc.a(mulsf3.o)
 .debug_frame   0x00000734       0x30 c:/freescale/kds_v3/toolchain/bin/../lib/gcc/arm-none-eabi/4.8.4/armv6-m\libgcc.a(subsf3.o)
 .debug_frame   0x00000764       0x20 c:/freescale/kds_v3/toolchain/bin/../lib/gcc/arm-none-eabi/4.8.4/armv6-m\libgcc.a(fixsfsi.o)
 .debug_frame   0x00000784       0x2c c:/freescale/kds_v3/toolchain/bin/../lib/gcc/arm-none-eabi/4.8.4/armv6-m\libgcc.a(floatsisf.o)
 .debug_frame   0x000007b0       0x28 c:/freescale/kds_v3/toolchain/bin/../lib/gcc/arm-none-eabi/4.8.4/armv6-m\libgcc.a(floatunsisf.o)
 .debug_frame   0x000007d8       0x3c c:/freescale/kds_v3/toolchain/bin/../lib/gcc/arm-none-eabi/4.8.4/armv6-m\libgcc.a(adddf3.o)
 .debug_frame   0x00000814       0x3c c:/freescale/kds_v3/toolchain/bin/../lib/gcc/arm-none-eabi/4.8.4/armv6-m\libgcc.a(divdf3.o)
 .debug_frame   0x00000850       0x3c c:/freescale/kds_v3/toolchain/bin/../lib/gcc/arm-none-eabi/4.8.4/armv6-m\libgcc.a(eqdf2.o)
 .debug_frame   0x0000088c       0x38 c:/freescale/kds_v3/toolchain/bin/../lib/gcc/arm-none-eabi/4.8.4/armv6-m\libgcc.a(gedf2.o)
 .debug_frame   0x000008c4       0x3c c:/freescale/kds_v3/toolchain/bin/../lib/gcc/arm-none-eabi/4.8.4/armv6-m\libgcc.a(ledf2.o)
 .debug_frame   0x00000900       0x3c c:/freescale/kds_v3/toolchain/bin/../lib/gcc/arm-none-eabi/4.8.4/armv6-m\libgcc.a(muldf3.o)
 .debug_frame   0x0000093c       0x3c c:/freescale/kds_v3/toolchain/bin/../lib/gcc/arm-none-eabi/4.8.4/armv6-m\libgcc.a(subdf3.o)
 .debug_frame   0x00000978       0x30 c:/freescale/kds_v3/toolchain/bin/../lib/gcc/arm-none-eabi/4.8.4/armv6-m\libgcc.a(floatsidf.o)
 .debug_frame   0x000009a8       0x2c c:/freescale/kds_v3/toolchain/bin/../lib/gcc/arm-none-eabi/4.8.4/armv6-m\libgcc.a(extendsfdf2.o)
 .debug_frame   0x000009d4       0x30 c:/freescale/kds_v3/toolchain/bin/../lib/gcc/arm-none-eabi/4.8.4/armv6-m\libgcc.a(truncdfsf2.o)
 .debug_frame   0x00000a04       0x28 c:/freescale/kds_v3/toolchain/bin/../lib/gcc/arm-none-eabi/4.8.4/../../../../arm-none-eabi/lib/armv6-m\libg_s.a(lib_a-exit.o)
 .debug_frame   0x00000a2c       0x2c c:/freescale/kds_v3/toolchain/bin/../lib/gcc/arm-none-eabi/4.8.4/../../../../arm-none-eabi/lib/armv6-m\libg_s.a(lib_a-init.o)
 .debug_frame   0x00000a58       0x20 c:/freescale/kds_v3/toolchain/bin/../lib/gcc/arm-none-eabi/4.8.4/../../../../arm-none-eabi/lib/armv6-m\libg_s.a(lib_a-memset.o)
 .debug_frame   0x00000a78       0x20 c:/freescale/kds_v3/toolchain/bin/../lib/gcc/arm-none-eabi/4.8.4/../../../../arm-none-eabi/lib/armv6-m\libnosys.a(_exit.o)
